Archive member included to satisfy reference by file (symbol)

/usr/lib/gcc/arm-none-eabi/9.2.1/thumb/v6-m/nofp/libgcc.a(_dvmd_tls.o)
                              CMakeFiles/datapack_tool.dir/tree/downloaded_tools/pico/pico-sdk/src/rp2_common/pico_divider/divider.S.obj (__aeabi_idiv0)
/usr/lib/gcc/arm-none-eabi/9.2.1/../../../arm-none-eabi/lib/thumb/v6-m/nofp/libc.a(lib_a-atexit.o)
                              /usr/lib/gcc/arm-none-eabi/9.2.1/../../../arm-none-eabi/lib/thumb/v6-m/nofp/crt0.o (atexit)
/usr/lib/gcc/arm-none-eabi/9.2.1/../../../arm-none-eabi/lib/thumb/v6-m/nofp/libc.a(lib_a-atoi.o)
                              CMakeFiles/datapack_tool.dir/datapack_tool.c.obj (atoi)
/usr/lib/gcc/arm-none-eabi/9.2.1/../../../arm-none-eabi/lib/thumb/v6-m/nofp/libc.a(lib_a-calloc.o)
                              CMakeFiles/datapack_tool.dir/tree/downloaded_tools/pico/pico-sdk/src/rp2_common/pico_malloc/pico_malloc.c.obj (calloc)
/usr/lib/gcc/arm-none-eabi/9.2.1/../../../arm-none-eabi/lib/thumb/v6-m/nofp/libc.a(lib_a-callocr.o)
                              /usr/lib/gcc/arm-none-eabi/9.2.1/../../../arm-none-eabi/lib/thumb/v6-m/nofp/libc.a(lib_a-calloc.o) (_calloc_r)
/usr/lib/gcc/arm-none-eabi/9.2.1/../../../arm-none-eabi/lib/thumb/v6-m/nofp/libc.a(lib_a-ctype_.o)
                              CMakeFiles/datapack_tool.dir/datapack_tool.c.obj (_ctype_)
/usr/lib/gcc/arm-none-eabi/9.2.1/../../../arm-none-eabi/lib/thumb/v6-m/nofp/libc.a(lib_a-errno.o)
                              CMakeFiles/datapack_tool.dir/tree/downloaded_tools/pico/ajm-no-OS-FatFS-SD-SPI-RPi-Pico/FatFs_SPI/src/ff_stdio.c.obj (__errno)
/usr/lib/gcc/arm-none-eabi/9.2.1/../../../arm-none-eabi/lib/thumb/v6-m/nofp/libc.a(lib_a-fflush.o)
                              CMakeFiles/datapack_tool.dir/tree/downloaded_tools/pico/ajm-no-OS-FatFS-SD-SPI-RPi-Pico/FatFs_SPI/sd_driver/demo_logging.c.obj (fflush)
/usr/lib/gcc/arm-none-eabi/9.2.1/../../../arm-none-eabi/lib/thumb/v6-m/nofp/libc.a(lib_a-findfp.o)
                              /usr/lib/gcc/arm-none-eabi/9.2.1/../../../arm-none-eabi/lib/thumb/v6-m/nofp/libc.a(lib_a-fflush.o) (__sinit)
/usr/lib/gcc/arm-none-eabi/9.2.1/../../../arm-none-eabi/lib/thumb/v6-m/nofp/libc.a(lib_a-fini.o)
                              /usr/lib/gcc/arm-none-eabi/9.2.1/../../../arm-none-eabi/lib/thumb/v6-m/nofp/crt0.o (__libc_fini_array)
/usr/lib/gcc/arm-none-eabi/9.2.1/../../../arm-none-eabi/lib/thumb/v6-m/nofp/libc.a(lib_a-freer.o)
                              /usr/lib/gcc/arm-none-eabi/9.2.1/../../../arm-none-eabi/lib/thumb/v6-m/nofp/libc.a(lib_a-fflush.o) (_free_r)
/usr/lib/gcc/arm-none-eabi/9.2.1/../../../arm-none-eabi/lib/thumb/v6-m/nofp/libc.a(lib_a-fwalk.o)
                              /usr/lib/gcc/arm-none-eabi/9.2.1/../../../arm-none-eabi/lib/thumb/v6-m/nofp/libc.a(lib_a-findfp.o) (_fwalk)
/usr/lib/gcc/arm-none-eabi/9.2.1/../../../arm-none-eabi/lib/thumb/v6-m/nofp/libc.a(lib_a-impure.o)
                              /usr/lib/gcc/arm-none-eabi/9.2.1/../../../arm-none-eabi/lib/thumb/v6-m/nofp/libc.a(lib_a-fflush.o) (_global_impure_ptr)
/usr/lib/gcc/arm-none-eabi/9.2.1/../../../arm-none-eabi/lib/thumb/v6-m/nofp/libc.a(lib_a-init.o)
                              /usr/lib/gcc/arm-none-eabi/9.2.1/../../../arm-none-eabi/lib/thumb/v6-m/nofp/crt0.o (__libc_init_array)
/usr/lib/gcc/arm-none-eabi/9.2.1/../../../arm-none-eabi/lib/thumb/v6-m/nofp/libc.a(lib_a-lcltime.o)
                              CMakeFiles/datapack_tool.dir/datapack_tool.c.obj (localtime)
/usr/lib/gcc/arm-none-eabi/9.2.1/../../../arm-none-eabi/lib/thumb/v6-m/nofp/libc.a(lib_a-lcltime_r.o)
                              /usr/lib/gcc/arm-none-eabi/9.2.1/../../../arm-none-eabi/lib/thumb/v6-m/nofp/libc.a(lib_a-lcltime.o) (localtime_r)
/usr/lib/gcc/arm-none-eabi/9.2.1/../../../arm-none-eabi/lib/thumb/v6-m/nofp/libc.a(lib_a-malloc.o)
                              CMakeFiles/datapack_tool.dir/tree/downloaded_tools/pico/pico-sdk/src/rp2_common/pico_malloc/pico_malloc.c.obj (malloc)
/usr/lib/gcc/arm-none-eabi/9.2.1/../../../arm-none-eabi/lib/thumb/v6-m/nofp/libc.a(lib_a-mallocr.o)
                              /usr/lib/gcc/arm-none-eabi/9.2.1/../../../arm-none-eabi/lib/thumb/v6-m/nofp/libc.a(lib_a-callocr.o) (_malloc_r)
/usr/lib/gcc/arm-none-eabi/9.2.1/../../../arm-none-eabi/lib/thumb/v6-m/nofp/libc.a(lib_a-mktime.o)
                              CMakeFiles/datapack_tool.dir/tree/downloaded_tools/pico/ajm-no-OS-FatFS-SD-SPI-RPi-Pico/FatFs_SPI/src/rtc.c.obj (mktime)
/usr/lib/gcc/arm-none-eabi/9.2.1/../../../arm-none-eabi/lib/thumb/v6-m/nofp/libc.a(lib_a-mlock.o)
                              /usr/lib/gcc/arm-none-eabi/9.2.1/../../../arm-none-eabi/lib/thumb/v6-m/nofp/libc.a(lib_a-freer.o) (__malloc_lock)
/usr/lib/gcc/arm-none-eabi/9.2.1/../../../arm-none-eabi/lib/thumb/v6-m/nofp/libc.a(lib_a-month_lengths.o)
                              /usr/lib/gcc/arm-none-eabi/9.2.1/../../../arm-none-eabi/lib/thumb/v6-m/nofp/libc.a(lib_a-lcltime_r.o) (__month_lengths)
[...]
Memory Configuration

Name             Origin             Length             Attributes
FLASH            0x0000000010000000 0x0000000000200000 xr
RAM              0x0000000020000000 0x0000000000040000 xrw
SCRATCH_X        0x0000000020040000 0x0000000000001000 xrw
SCRATCH_Y        0x0000000020041000 0x0000000000001000 xrw
*default*        0x0000000000000000 0xffffffffffffffff

Linker script and memory map

LOAD /usr/lib/gcc/arm-none-eabi/9.2.1/thumb/v6-m/nofp/crti.o
LOAD /usr/lib/gcc/arm-none-eabi/9.2.1/thumb/v6-m/nofp/crtbegin.o
LOAD /usr/lib/gcc/arm-none-eabi/9.2.1/../../../arm-none-eabi/lib/thumb/v6-m/nofp/crt0.o

.flash_begin    0x0000000010000000        0x0
                0x0000000010000000                __flash_binary_start = .

.boot2          0x0000000010000000      0x100
                0x0000000010000000                __boot2_start__ = .
 *(.boot2)
 .boot2         0x0000000010000000      0x100 /tmp/ccApzdJF.o
                0x0000000010000100                __boot2_end__ = .
                0x0000000000000001                ASSERT (((__boot2_end__ - __boot2_start__) == 0x100), ERROR: Pico second stage bootloader must be 256 bytes in size)

.text           0x0000000010000100    0x21ca8
                0x0000000010000100                __logical_binary_start = .
 *(.vectors)
 .vectors       0x0000000010000100       0xd4 CMakeFiles/datapack_tool.dir/tree/downloaded_tools/pico/pico-sdk/src/rp2_common/pico_standard_link/crt0.S.obj
                0x0000000010000100                __vectors
                0x0000000010000100                __VECTOR_TABLE
                0x00000000100001c0                isr_invalid
                0x00000000100001c0                __default_isrs_start
                0x00000000100001c2                isr_nmi
                0x00000000100001c4                isr_hardfault
                0x00000000100001c6                isr_svcall
                0x00000000100001c8                isr_pendsv
                0x00000000100001ca                isr_systick
                0x00000000100001cc                isr_irq30
                0x00000000100001cc                __unhandled_user_irq
                0x00000000100001cc                isr_irq13
                0x00000000100001cc                isr_irq27
                0x00000000100001cc                isr_irq31
                0x00000000100001cc                isr_irq5
                0x00000000100001cc                isr_irq11
                0x00000000100001cc                isr_irq23
                0x00000000100001cc                isr_irq18
                0x00000000100001cc                isr_irq28
                0x00000000100001cc                isr_irq19
                0x00000000100001cc                isr_irq0
                0x00000000100001cc                isr_irq6
                0x00000000100001cc                isr_irq22
                0x00000000100001cc                isr_irq17
                0x00000000100001cc                isr_irq14
                0x00000000100001cc                isr_irq2
                0x00000000100001cc                isr_irq10
                0x00000000100001cc                isr_irq8
                0x00000000100001cc                isr_irq24
                0x00000000100001cc                isr_irq1
                0x00000000100001cc                isr_irq7
                0x00000000100001cc                isr_irq21
                0x00000000100001cc                isr_irq20
                0x00000000100001cc                isr_irq15
                0x00000000100001cc                isr_irq25
                0x00000000100001cc                isr_irq4
                0x00000000100001cc                isr_irq16
                0x00000000100001cc                isr_irq29
                0x00000000100001cc                isr_irq26
                0x00000000100001cc                __default_isrs_end
                0x00000000100001cc                isr_irq3
                0x00000000100001cc                isr_irq12
                0x00000000100001cc                isr_irq9
                0x00000000100001d2                unhandled_user_irq_num_in_r0
 *(.binary_info_header)
 .binary_info_header
                0x00000000100001d4       0x14 CMakeFiles/datapack_tool.dir/tree/downloaded_tools/pico/pico-sdk/src/rp2_common/pico_standard_link/crt0.S.obj
                0x00000000100001e8                __binary_info_header_end = .
 *(.reset)
 .reset         0x00000000100001e8       0xa8 CMakeFiles/datapack_tool.dir/tree/downloaded_tools/pico/pico-sdk/src/rp2_common/pico_standard_link/crt0.S.obj
                0x00000000100001e8                _entry_point
                0x0000000010000266                __get_current_exception
 .reset         0x0000000010000290       0x30 CMakeFiles/datapack_tool.dir/tree/downloaded_tools/pico/pico-sdk/src/rp2_common/pico_standard_link/binary_info.c.obj
 *(.init)
 .init          0x00000000100002c0        0x4 /usr/lib/gcc/arm-none-eabi/9.2.1/thumb/v6-m/nofp/crti.o
                0x00000000100002c0                _init
 *(EXCLUDE_FILE(*libm.a: *libc.a:*lib_a-mem*.o *libgcc.a:) .text*)
 .text          0x00000000100002c4       0x98 /usr/lib/gcc/arm-none-eabi/9.2.1/thumb/v6-m/nofp/crtbegin.o
 .text.button_display
                0x000000001000035c        0x4 CMakeFiles/datapack_tool.dir/datapack_tool.c.obj
                0x000000001000035c                button_display
 .text.button_exit
                0x0000000010000360        0xc CMakeFiles/datapack_tool.dir/datapack_tool.c.obj
                0x0000000010000360                button_exit
 .text.assert_ss
                0x000000001000036c       0x18 CMakeFiles/datapack_tool.dir/datapack_tool.c.obj
                0x000000001000036c                assert_ss
 .text.deassert_ss
                0x0000000010000384       0x18 CMakeFiles/datapack_tool.dir/datapack_tool.c.obj
                0x0000000010000384                deassert_ss
 .text.assert_mr
                0x000000001000039c       0x18 CMakeFiles/datapack_tool.dir/datapack_tool.c.obj
                0x000000001000039c                assert_mr
 .text.deassert_mr
                0x00000000100003b4       0x18 CMakeFiles/datapack_tool.dir/datapack_tool.c.obj
                0x00000000100003b4                deassert_mr
 .text.assert_clk
                0x00000000100003cc       0x18 CMakeFiles/datapack_tool.dir/datapack_tool.c.obj
                0x00000000100003cc                assert_clk
 .text.deassert_clk
                0x00000000100003e4       0x18 CMakeFiles/datapack_tool.dir/datapack_tool.c.obj
                0x00000000100003e4                deassert_clk
 .text.assert_oe
                0x00000000100003fc       0x18 CMakeFiles/datapack_tool.dir/datapack_tool.c.obj
                0x00000000100003fc                assert_oe
 .text.deassert_oe
                0x0000000010000414       0x18 CMakeFiles/datapack_tool.dir/datapack_tool.c.obj
                0x0000000010000414                deassert_oe
 .text.assert_pgm
                0x000000001000042c       0x18 CMakeFiles/datapack_tool.dir/datapack_tool.c.obj
                0x000000001000042c                assert_pgm
 .text.deassert_pgm
                0x0000000010000444       0x18 CMakeFiles/datapack_tool.dir/datapack_tool.c.obj
                0x0000000010000444                deassert_pgm
 .text.clear_unstable_flags
                0x000000001000045c       0x14 CMakeFiles/datapack_tool.dir/datapack_tool.c.obj
                0x000000001000045c                clear_unstable_flags
 .text.button_cycle_vpp
                0x0000000010000470       0x24 CMakeFiles/datapack_tool.dir/datapack_tool.c.obj
                0x0000000010000470                button_cycle_vpp
 .text.serial_write_bytes
                0x0000000010000494       0x24 CMakeFiles/datapack_tool.dir/datapack_tool.c.obj
                0x0000000010000494                serial_write_bytes
 .text.serial_toggle_pack_mode
                0x00000000100004b8       0x2c CMakeFiles/datapack_tool.dir/datapack_tool.c.obj
                0x00000000100004b8                serial_toggle_pack_mode
 .text.periodic_read_on
                0x00000000100004e4       0x18 CMakeFiles/datapack_tool.dir/datapack_tool.c.obj
                0x00000000100004e4                periodic_read_on
 .text.manual_help
                0x00000000100004fc       0x2c CMakeFiles/datapack_tool.dir/datapack_tool.c.obj
                0x00000000100004fc                manual_help
 .text.serial_help
                0x0000000010000528       0x2c CMakeFiles/datapack_tool.dir/datapack_tool.c.obj
                0x0000000010000528                serial_help
 .text.serial_full_manual
                0x0000000010000554      0x2d8 CMakeFiles/datapack_tool.dir/datapack_tool.c.obj
                0x0000000010000554                serial_full_manual
 .text.issue_1_clock
                0x000000001000082c       0x44 CMakeFiles/datapack_tool.dir/datapack_tool.c.obj
                0x000000001000082c                issue_1_clock
 .text.button_select_file
                0x0000000010000870        0x4 CMakeFiles/datapack_tool.dir/datapack_tool.c.obj
                0x0000000010000870                button_select_file
 .text.i2c_send_byte.constprop.0
                0x0000000010000874       0xa0 CMakeFiles/datapack_tool.dir/datapack_tool.c.obj
 .text.i2c_send_byte.constprop.1
                0x0000000010000914       0xa0 CMakeFiles/datapack_tool.dir/datapack_tool.c.obj
 .text.cli_boot_mass
                0x00000000100009b4       0x14 CMakeFiles/datapack_tool.dir/datapack_tool.c.obj
                0x00000000100009b4                cli_boot_mass
 .text.issue_10_clocks
                0x00000000100009c8       0x94 CMakeFiles/datapack_tool.dir/datapack_tool.c.obj
                0x00000000100009c8                issue_10_clocks
 .text.serial_toggle_page_mode
                0x0000000010000a5c       0x2c CMakeFiles/datapack_tool.dir/datapack_tool.c.obj
                0x0000000010000a5c                serial_toggle_page_mode
 .text.oled_clear_display.constprop.0
                0x0000000010000a88      0x100 CMakeFiles/datapack_tool.dir/datapack_tool.c.obj
 .text.oled_display_string.constprop.0
                0x0000000010000b88       0xec CMakeFiles/datapack_tool.dir/datapack_tool.c.obj
 .text.oled_printf.constprop.0
                0x0000000010000c74       0x20 CMakeFiles/datapack_tool.dir/datapack_tool.c.obj
 .text.oled_send_cmd.constprop.6
                0x0000000010000c94       0x68 CMakeFiles/datapack_tool.dir/datapack_tool.c.obj
 .text.draw_menu.constprop.0
                0x0000000010000cfc      0x268 CMakeFiles/datapack_tool.dir/datapack_tool.c.obj
 .text.to_home_menu
                0x0000000010000f64       0x2c CMakeFiles/datapack_tool.dir/datapack_tool.c.obj
                0x0000000010000f64                to_home_menu
 .text.but_ev_up
                0x0000000010000f90       0x28 CMakeFiles/datapack_tool.dir/datapack_tool.c.obj
                0x0000000010000f90                but_ev_up
 .text.but_ev_down
                0x0000000010000fb8       0x54 CMakeFiles/datapack_tool.dir/datapack_tool.c.obj
                0x0000000010000fb8                but_ev_down
 .text.but_ev_select
                0x000000001000100c       0x6c CMakeFiles/datapack_tool.dir/datapack_tool.c.obj
                0x000000001000100c                but_ev_select
 .text.serial_close_pack
                0x0000000010001078       0x88 CMakeFiles/datapack_tool.dir/datapack_tool.c.obj
                0x0000000010001078                serial_close_pack
 .text.print_hw_id
                0x0000000010001100      0x150 CMakeFiles/datapack_tool.dir/datapack_tool.c.obj
                0x0000000010001100                print_hw_id
 .text.serial_read_byte
                0x0000000010001250      0x240 CMakeFiles/datapack_tool.dir/datapack_tool.c.obj
                0x0000000010001250                serial_read_byte
 .text.test2    0x0000000010001490      0x160 CMakeFiles/datapack_tool.dir/datapack_tool.c.obj
                0x0000000010001490                test2
 .text.writePakByte.constprop.1
                0x00000000100015f0      0x338 CMakeFiles/datapack_tool.dir/datapack_tool.c.obj
 .text.serial_erase_bytes
                0x0000000010001928      0x18c CMakeFiles/datapack_tool.dir/datapack_tool.c.obj
                0x0000000010001928                serial_erase_bytes
 .text.check_test_data
                0x0000000010001ab4      0x268 CMakeFiles/datapack_tool.dir/datapack_tool.c.obj
                0x0000000010001ab4                check_test_data
 .text.blank_check
                0x0000000010001d1c      0x2dc CMakeFiles/datapack_tool.dir/datapack_tool.c.obj
                0x0000000010001d1c                blank_check
 .text.test1    0x0000000010001ff8      0x350 CMakeFiles/datapack_tool.dir/datapack_tool.c.obj
                0x0000000010001ff8                test1
 .text.button_blank
                0x0000000010002348      0x3bc CMakeFiles/datapack_tool.dir/datapack_tool.c.obj
                0x0000000010002348                button_blank
 .text.printPageContents.constprop.0
                0x0000000010002704      0x564 CMakeFiles/datapack_tool.dir/datapack_tool.c.obj
 .text.serial_read_p0
                0x0000000010002c68       0x14 CMakeFiles/datapack_tool.dir/datapack_tool.c.obj
                0x0000000010002c68                serial_read_p0
 .text.printPageContents.constprop.1
                0x0000000010002c7c      0x654 CMakeFiles/datapack_tool.dir/datapack_tool.c.obj
 .text.serial_read_p1
                0x00000000100032d0       0x14 CMakeFiles/datapack_tool.dir/datapack_tool.c.obj
                0x00000000100032d0                serial_read_p1
 .text.printPageContents.constprop.2
                0x00000000100032e4      0x674 CMakeFiles/datapack_tool.dir/datapack_tool.c.obj
 .text.serial_read_p2
                0x0000000010003958       0x14 CMakeFiles/datapack_tool.dir/datapack_tool.c.obj
                0x0000000010003958                serial_read_p2
 .text.printPageContents.constprop.3
                0x000000001000396c      0x67c CMakeFiles/datapack_tool.dir/datapack_tool.c.obj
 .text.serial_read_p3
                0x0000000010003fe8       0x14 CMakeFiles/datapack_tool.dir/datapack_tool.c.obj
                0x0000000010003fe8                serial_read_p3
 .text.oled_display_string
                0x0000000010003ffc       0xe8 CMakeFiles/datapack_tool.dir/datapack_tool.c.obj
                0x0000000010003ffc                oled_display_string
 .text.oled_clear_display
                0x00000000100040e4       0xb0 CMakeFiles/datapack_tool.dir/datapack_tool.c.obj
                0x00000000100040e4                oled_clear_display
 .text.cd_to_pak_dir.part.0
                0x0000000010004194       0x94 CMakeFiles/datapack_tool.dir/datapack_tool.c.obj
 .text.compare_opk_file.part.0
                0x0000000010004228      0x478 CMakeFiles/datapack_tool.dir/datapack_tool.c.obj
 .text.button_compare_file
                0x00000000100046a0      0x110 CMakeFiles/datapack_tool.dir/datapack_tool.c.obj
                0x00000000100046a0                button_compare_file
 .text.oled_setup
                0x00000000100047b0       0xa8 CMakeFiles/datapack_tool.dir/datapack_tool.c.obj
                0x00000000100047b0                oled_setup
 .text.mount_sd
                0x0000000010004858       0xbc CMakeFiles/datapack_tool.dir/datapack_tool.c.obj
                0x0000000010004858                mount_sd
 .text.button_list
                0x0000000010004914      0x240 CMakeFiles/datapack_tool.dir/datapack_tool.c.obj
                0x0000000010004914                button_list
 .text.core_read
                0x0000000010004b54      0x230 CMakeFiles/datapack_tool.dir/datapack_tool.c.obj
                0x0000000010004b54                core_read
 .text.process_config_file
                0x0000000010004d84      0x304 CMakeFiles/datapack_tool.dir/datapack_tool.c.obj
                0x0000000010004d84                process_config_file
 .text.but_ev_file_select
                0x0000000010005088      0x1a8 CMakeFiles/datapack_tool.dir/datapack_tool.c.obj
                0x0000000010005088                but_ev_file_select
 .text.check_for_page0
                0x0000000010005230      0x330 CMakeFiles/datapack_tool.dir/datapack_tool.c.obj
                0x0000000010005230                check_for_page0
 .text.auto_size
                0x0000000010005560      0x4d8 CMakeFiles/datapack_tool.dir/datapack_tool.c.obj
                0x0000000010005560                auto_size
 .text.button_auto_size
                0x0000000010005a38       0x10 CMakeFiles/datapack_tool.dir/datapack_tool.c.obj
                0x0000000010005a38                button_auto_size
 .text.serial_auto_size
                0x0000000010005a48        0xc CMakeFiles/datapack_tool.dir/datapack_tool.c.obj
                0x0000000010005a48                serial_auto_size
 .text.update_buttons
                0x0000000010005a54      0x114 CMakeFiles/datapack_tool.dir/datapack_tool.c.obj
                0x0000000010005a54                update_buttons
 .text.nextAddress
                0x0000000010005b68       0xa4 CMakeFiles/datapack_tool.dir/datapack_tool.c.obj
                0x0000000010005b68                nextAddress
 .text.print_pak_id
                0x0000000010005c0c      0x330 CMakeFiles/datapack_tool.dir/datapack_tool.c.obj
                0x0000000010005c0c                print_pak_id
 .text.button_pak_id
                0x0000000010005f3c      0x5f0 CMakeFiles/datapack_tool.dir/datapack_tool.c.obj
                0x0000000010005f3c                button_pak_id
 .text.button_pak_hdr
                0x000000001000652c      0x2bc CMakeFiles/datapack_tool.dir/datapack_tool.c.obj
                0x000000001000652c                button_pak_hdr
 .text.writePakByteRampak
                0x00000000100067e8      0x264 CMakeFiles/datapack_tool.dir/datapack_tool.c.obj
                0x00000000100067e8                writePakByteRampak
 .text.write_test_data
                0x0000000010006a4c      0x1cc CMakeFiles/datapack_tool.dir/datapack_tool.c.obj
                0x0000000010006a4c                write_test_data
 .text.write_opk_file
                0x0000000010006c18      0x390 CMakeFiles/datapack_tool.dir/datapack_tool.c.obj
                0x0000000010006c18                write_opk_file
 .text.button_write_file
                0x0000000010006fa8       0x24 CMakeFiles/datapack_tool.dir/datapack_tool.c.obj
                0x0000000010006fa8                button_write_file
 .text.read_opk_file
                0x0000000010006fcc      0x308 CMakeFiles/datapack_tool.dir/datapack_tool.c.obj
                0x0000000010006fcc                read_opk_file
 .text.button_read
                0x00000000100072d4      0x150 CMakeFiles/datapack_tool.dir/datapack_tool.c.obj
                0x00000000100072d4                button_read
 .text.read_dir
                0x0000000010007424      0x8b4 CMakeFiles/datapack_tool.dir/datapack_tool.c.obj
                0x0000000010007424                read_dir
 .text.readAll  0x0000000010007cd8      0x214 CMakeFiles/datapack_tool.dir/datapack_tool.c.obj
                0x0000000010007cd8                readAll
 .text.serial_read_bytes
                0x0000000010007eec       0x18 CMakeFiles/datapack_tool.dir/datapack_tool.c.obj
                0x0000000010007eec                serial_read_bytes
 .text.WriteMainRec
                0x0000000010007f04      0x848 CMakeFiles/datapack_tool.dir/datapack_tool.c.obj
                0x0000000010007f04                WriteMainRec
 .text.serial_write_main_rec
                0x000000001000874c        0xc CMakeFiles/datapack_tool.dir/datapack_tool.c.obj
                0x000000001000874c                serial_write_main_rec
 .text.serial_read_dir_and_size_pack
                0x0000000010008758       0x14 CMakeFiles/datapack_tool.dir/datapack_tool.c.obj
                0x0000000010008758                serial_read_dir_and_size_pack
 .text.serial_loop
                0x000000001000876c       0x80 CMakeFiles/datapack_tool.dir/datapack_tool.c.obj
                0x000000001000876c                serial_loop
 .text.startup.main
                0x00000000100087ec      0xb7c CMakeFiles/datapack_tool.dir/datapack_tool.c.obj
                0x00000000100087ec                main
 .text.gpio_set_function
                0x0000000010009368       0x30 CMakeFiles/datapack_tool.dir/tree/downloaded_tools/pico/pico-sdk/src/rp2_common/hardware_gpio/gpio.c.obj
                0x0000000010009368                gpio_set_function
 .text.gpio_set_pulls
                0x0000000010009398       0x30 CMakeFiles/datapack_tool.dir/tree/downloaded_tools/pico/pico-sdk/src/rp2_common/hardware_gpio/gpio.c.obj
                0x0000000010009398                gpio_set_pulls
 .text.gpio_init
                0x00000000100093c8       0x3c CMakeFiles/datapack_tool.dir/tree/downloaded_tools/pico/pico-sdk/src/rp2_common/hardware_gpio/gpio.c.obj
                0x00000000100093c8                gpio_init
 .text.hw_claim_or_assert
                0x0000000010009404       0x48 CMakeFiles/datapack_tool.dir/tree/downloaded_tools/pico/pico-sdk/src/rp2_common/hardware_claim/claim.c.obj
                0x0000000010009404                hw_claim_or_assert
 .text.hw_claim_unused_from_range
                0x000000001000944c       0x9c CMakeFiles/datapack_tool.dir/tree/downloaded_tools/pico/pico-sdk/src/rp2_common/hardware_claim/claim.c.obj
                0x000000001000944c                hw_claim_unused_from_range
 .text.running_on_fpga
                0x00000000100094e8       0x10 CMakeFiles/datapack_tool.dir/tree/downloaded_tools/pico/pico-sdk/src/rp2_common/pico_platform/platform.c.obj
                0x00000000100094e8                running_on_fpga
 .text.spin_locks_reset
                0x00000000100094f8       0x1c CMakeFiles/datapack_tool.dir/tree/downloaded_tools/pico/pico-sdk/src/rp2_common/hardware_sync/sync.c.obj
                0x00000000100094f8                spin_locks_reset
 .text.next_striped_spin_lock_num
                0x0000000010009514       0x18 CMakeFiles/datapack_tool.dir/tree/downloaded_tools/pico/pico-sdk/src/rp2_common/hardware_sync/sync.c.obj
                0x0000000010009514                next_striped_spin_lock_num
 .text.spin_lock_claim_unused
                0x000000001000952c       0x20 CMakeFiles/datapack_tool.dir/tree/downloaded_tools/pico/pico-sdk/src/rp2_common/hardware_sync/sync.c.obj
                0x000000001000952c                spin_lock_claim_unused
 .text.irq_set_enabled
                0x000000001000954c       0x24 CMakeFiles/datapack_tool.dir/tree/downloaded_tools/pico/pico-sdk/src/rp2_common/hardware_irq/irq.c.obj
                0x000000001000954c                irq_set_enabled
 .text.irq_set_pending
                0x0000000010009570       0x10 CMakeFiles/datapack_tool.dir/tree/downloaded_tools/pico/pico-sdk/src/rp2_common/hardware_irq/irq.c.obj
                0x0000000010009570                irq_set_pending
 .text.irq_has_shared_handler
                0x0000000010009580       0x2c CMakeFiles/datapack_tool.dir/tree/downloaded_tools/pico/pico-sdk/src/rp2_common/hardware_irq/irq.c.obj
                0x0000000010009580                irq_has_shared_handler
 .text.irq_get_vtable_handler
                0x00000000100095ac       0x10 CMakeFiles/datapack_tool.dir/tree/downloaded_tools/pico/pico-sdk/src/rp2_common/hardware_irq/irq.c.obj
                0x00000000100095ac                irq_get_vtable_handler
 .text.irq_set_exclusive_handler
                0x00000000100095bc       0x54 CMakeFiles/datapack_tool.dir/tree/downloaded_tools/pico/pico-sdk/src/rp2_common/hardware_irq/irq.c.obj
                0x00000000100095bc                irq_set_exclusive_handler
 .text.irq_add_shared_handler
                0x0000000010009610      0x1c0 CMakeFiles/datapack_tool.dir/tree/downloaded_tools/pico/pico-sdk/src/rp2_common/hardware_irq/irq.c.obj
                0x0000000010009610                irq_add_shared_handler
 .text.irq_remove_handler
                0x00000000100097d0      0x1b4 CMakeFiles/datapack_tool.dir/tree/downloaded_tools/pico/pico-sdk/src/rp2_common/hardware_irq/irq.c.obj
                0x00000000100097d0                irq_remove_handler
 .text.irq_add_tail_to_free_list
                0x0000000010009984       0xb8 CMakeFiles/datapack_tool.dir/tree/downloaded_tools/pico/pico-sdk/src/rp2_common/hardware_irq/irq.c.obj
                0x0000000010009984                irq_add_tail_to_free_list
 .text.irq_init_priorities
                0x0000000010009a3c       0x24 CMakeFiles/datapack_tool.dir/tree/downloaded_tools/pico/pico-sdk/src/rp2_common/hardware_irq/irq.c.obj
                0x0000000010009a3c                irq_init_priorities
 .text.user_irq_claim_unused
                0x0000000010009a60       0x30 CMakeFiles/datapack_tool.dir/tree/downloaded_tools/pico/pico-sdk/src/rp2_common/hardware_irq/irq.c.obj
                0x0000000010009a60                user_irq_claim_unused
 .text.sem_init
                0x0000000010009a90       0x20 CMakeFiles/datapack_tool.dir/tree/downloaded_tools/pico/pico-sdk/src/common/pico_sync/sem.c.obj
                0x0000000010009a90                sem_init
 .text.lock_init
                0x0000000010009ab0       0x10 CMakeFiles/datapack_tool.dir/tree/downloaded_tools/pico/pico-sdk/src/common/pico_sync/lock_core.c.obj
                0x0000000010009ab0                lock_init
 .text.timer_pool_entry_comparator
                0x0000000010009ac0       0x34 CMakeFiles/datapack_tool.dir/tree/downloaded_tools/pico/pico-sdk/src/common/pico_time/time.c.obj
                0x0000000010009ac0                timer_pool_entry_comparator
 .text.sleep_until_callback
                0x0000000010009af4       0x30 CMakeFiles/datapack_tool.dir/tree/downloaded_tools/pico/pico-sdk/src/common/pico_time/time.c.obj
 .text.alarm_pool_add_alarm_at.constprop.0
                0x0000000010009b24      0x128 CMakeFiles/datapack_tool.dir/tree/downloaded_tools/pico/pico-sdk/src/common/pico_time/time.c.obj
 .text.add_alarm_under_lock
                0x0000000010009c4c      0x108 CMakeFiles/datapack_tool.dir/tree/downloaded_tools/pico/pico-sdk/src/common/pico_time/time.c.obj
 .text.alarm_pool_alarm_callback
                0x0000000010009d54      0x1c8 CMakeFiles/datapack_tool.dir/tree/downloaded_tools/pico/pico-sdk/src/common/pico_time/time.c.obj
 .text.alarm_pool_init_default
                0x0000000010009f1c       0x64 CMakeFiles/datapack_tool.dir/tree/downloaded_tools/pico/pico-sdk/src/common/pico_time/time.c.obj
                0x0000000010009f1c                alarm_pool_init_default
 .text.alarm_pool_get_default
                0x0000000010009f80        0x8 CMakeFiles/datapack_tool.dir/tree/downloaded_tools/pico/pico-sdk/src/common/pico_time/time.c.obj
                0x0000000010009f80                alarm_pool_get_default
 .text.alarm_pool_add_alarm_at
                0x0000000010009f88      0x1ac CMakeFiles/datapack_tool.dir/tree/downloaded_tools/pico/pico-sdk/src/common/pico_time/time.c.obj
                0x0000000010009f88                alarm_pool_add_alarm_at
 .text.sleep_until
                0x000000001000a134       0xac CMakeFiles/datapack_tool.dir/tree/downloaded_tools/pico/pico-sdk/src/common/pico_time/time.c.obj
                0x000000001000a134                sleep_until
 .text.sleep_us
                0x000000001000a1e0       0x30 CMakeFiles/datapack_tool.dir/tree/downloaded_tools/pico/pico-sdk/src/common/pico_time/time.c.obj
                0x000000001000a1e0                sleep_us
 .text.best_effort_wfe_or_timeout
                0x000000001000a210       0xd4 CMakeFiles/datapack_tool.dir/tree/downloaded_tools/pico/pico-sdk/src/common/pico_time/time.c.obj
                0x000000001000a210                best_effort_wfe_or_timeout
 .text.hardware_alarm_irq_handler
                0x000000001000a2e4       0xb8 CMakeFiles/datapack_tool.dir/tree/downloaded_tools/pico/pico-sdk/src/rp2_common/hardware_timer/timer.c.obj
 .text.hardware_alarm_claim
                0x000000001000a39c       0x18 CMakeFiles/datapack_tool.dir/tree/downloaded_tools/pico/pico-sdk/src/rp2_common/hardware_timer/timer.c.obj
                0x000000001000a39c                hardware_alarm_claim
 .text.time_us_64
                0x000000001000a3b4       0x14 CMakeFiles/datapack_tool.dir/tree/downloaded_tools/pico/pico-sdk/src/rp2_common/hardware_timer/timer.c.obj
                0x000000001000a3b4                time_us_64
 .text.busy_wait_us
                0x000000001000a3c8       0x54 CMakeFiles/datapack_tool.dir/tree/downloaded_tools/pico/pico-sdk/src/rp2_common/hardware_timer/timer.c.obj
                0x000000001000a3c8                busy_wait_us
 .text.busy_wait_until
                0x000000001000a41c       0x20 CMakeFiles/datapack_tool.dir/tree/downloaded_tools/pico/pico-sdk/src/rp2_common/hardware_timer/timer.c.obj
                0x000000001000a41c                busy_wait_until
 .text.hardware_alarm_set_callback
                0x000000001000a43c       0x8c CMakeFiles/datapack_tool.dir/tree/downloaded_tools/pico/pico-sdk/src/rp2_common/hardware_timer/timer.c.obj
                0x000000001000a43c                hardware_alarm_set_callback
 .text.hardware_alarm_set_target
                0x000000001000a4c8       0xe4 CMakeFiles/datapack_tool.dir/tree/downloaded_tools/pico/pico-sdk/src/rp2_common/hardware_timer/timer.c.obj
                0x000000001000a4c8                hardware_alarm_set_target
 .text.hardware_alarm_cancel
                0x000000001000a5ac       0x40 CMakeFiles/datapack_tool.dir/tree/downloaded_tools/pico/pico-sdk/src/rp2_common/hardware_timer/timer.c.obj
                0x000000001000a5ac                hardware_alarm_cancel
 .text.ph_merge_nodes
                0x000000001000a5ec       0x68 CMakeFiles/datapack_tool.dir/tree/downloaded_tools/pico/pico-sdk/src/common/pico_util/pheap.c.obj
 .text.ph_post_alloc_init
                0x000000001000a654       0x3c CMakeFiles/datapack_tool.dir/tree/downloaded_tools/pico/pico-sdk/src/common/pico_util/pheap.c.obj
                0x000000001000a654                ph_post_alloc_init
 .text.ph_merge_two_pass
                0x000000001000a690       0x90 CMakeFiles/datapack_tool.dir/tree/downloaded_tools/pico/pico-sdk/src/common/pico_util/pheap.c.obj
                0x000000001000a690                ph_merge_two_pass
 .text.ph_remove_any_head
                0x000000001000a720       0xf8 CMakeFiles/datapack_tool.dir/tree/downloaded_tools/pico/pico-sdk/src/common/pico_util/pheap.c.obj
 .text.ph_remove_head
                0x000000001000a818      0x13c CMakeFiles/datapack_tool.dir/tree/downloaded_tools/pico/pico-sdk/src/common/pico_util/pheap.c.obj
                0x000000001000a818                ph_remove_head
 .text.ph_remove_and_free_node
                0x000000001000a954       0x7c CMakeFiles/datapack_tool.dir/tree/downloaded_tools/pico/pico-sdk/src/common/pico_util/pheap.c.obj
                0x000000001000a954                ph_remove_and_free_node
 .text.mutex_init
                0x000000001000a9d0       0x1c CMakeFiles/datapack_tool.dir/tree/downloaded_tools/pico/pico-sdk/src/common/pico_sync/mutex.c.obj
                0x000000001000a9d0                mutex_init
 .text.recursive_mutex_init
                0x000000001000a9ec       0x1c CMakeFiles/datapack_tool.dir/tree/downloaded_tools/pico/pico-sdk/src/common/pico_sync/mutex.c.obj
                0x000000001000a9ec                recursive_mutex_init
 .text.critical_section_init
                0x000000001000aa08       0x1c CMakeFiles/datapack_tool.dir/tree/downloaded_tools/pico/pico-sdk/src/common/pico_sync/critical_section.c.obj
                0x000000001000aa08                critical_section_init
 .text.uart_init
                0x000000001000aa24       0xe4 CMakeFiles/datapack_tool.dir/tree/downloaded_tools/pico/pico-sdk/src/rp2_common/hardware_uart/uart.c.obj
                0x000000001000aa24                uart_init
 .text.runtime_init
                0x000000001000ab08       0xf0 CMakeFiles/datapack_tool.dir/tree/downloaded_tools/pico/pico-sdk/src/rp2_common/pico_runtime/runtime.c.obj
                0x000000001000ab08                runtime_init
 .text._sbrk    0x000000001000abf8       0x34 CMakeFiles/datapack_tool.dir/tree/downloaded_tools/pico/pico-sdk/src/rp2_common/pico_runtime/runtime.c.obj
                0x000000001000abf8                _sbrk
 .text.exit     0x000000001000ac2c        0x4 CMakeFiles/datapack_tool.dir/tree/downloaded_tools/pico/pico-sdk/src/rp2_common/pico_runtime/runtime.c.obj
                0x000000001000ac2c                exit
 .text.__assert_func
                0x000000001000ac30       0x34 CMakeFiles/datapack_tool.dir/tree/downloaded_tools/pico/pico-sdk/src/rp2_common/pico_runtime/runtime.c.obj
                0x000000001000ac30                __assert_func
 .text.panic    0x000000001000ac64       0x30 CMakeFiles/datapack_tool.dir/tree/downloaded_tools/pico/pico-sdk/src/rp2_common/pico_runtime/runtime.c.obj
                0x000000001000ac64                panic
 .text.hard_assertion_failure
                0x000000001000ac94        0xc CMakeFiles/datapack_tool.dir/tree/downloaded_tools/pico/pico-sdk/src/rp2_common/pico_runtime/runtime.c.obj
                0x000000001000ac94                hard_assertion_failure
 .text.clocks_init
                0x000000001000aca0      0x2bc CMakeFiles/datapack_tool.dir/tree/downloaded_tools/pico/pico-sdk/src/rp2_common/hardware_clocks/clocks.c.obj
                0x000000001000aca0                clocks_init
 .text.clock_get_hz
                0x000000001000af5c        0xc CMakeFiles/datapack_tool.dir/tree/downloaded_tools/pico/pico-sdk/src/rp2_common/hardware_clocks/clocks.c.obj
                0x000000001000af5c                clock_get_hz
 .text.pll_init
                0x000000001000af68       0xa8 CMakeFiles/datapack_tool.dir/tree/downloaded_tools/pico/pico-sdk/src/rp2_common/hardware_pll/pll.c.obj
                0x000000001000af68                pll_init
 .text.watchdog_start_tick
                0x000000001000b010       0x10 CMakeFiles/datapack_tool.dir/tree/downloaded_tools/pico/pico-sdk/src/rp2_common/hardware_watchdog/watchdog.c.obj
                0x000000001000b010                watchdog_start_tick
 .text.watchdog_reboot
                0x000000001000b020       0x98 CMakeFiles/datapack_tool.dir/tree/downloaded_tools/pico/pico-sdk/src/rp2_common/hardware_watchdog/watchdog.c.obj
                0x000000001000b020                watchdog_reboot
 .text.xosc_init
                0x000000001000b0b8       0x28 CMakeFiles/datapack_tool.dir/tree/downloaded_tools/pico/pico-sdk/src/rp2_common/hardware_xosc/xosc.c.obj
                0x000000001000b0b8                xosc_init
 .text._out_buffer
                0x000000001000b0e0        0x8 CMakeFiles/datapack_tool.dir/tree/downloaded_tools/pico/pico-sdk/src/rp2_common/pico_printf/printf.c.obj
 .text._out_null
                0x000000001000b0e8        0x4 CMakeFiles/datapack_tool.dir/tree/downloaded_tools/pico/pico-sdk/src/rp2_common/pico_printf/printf.c.obj
 .text._out_rev
                0x000000001000b0ec       0xd0 CMakeFiles/datapack_tool.dir/tree/downloaded_tools/pico/pico-sdk/src/rp2_common/pico_printf/printf.c.obj
 .text._ntoa_format
                0x000000001000b1bc      0x1d0 CMakeFiles/datapack_tool.dir/tree/downloaded_tools/pico/pico-sdk/src/rp2_common/pico_printf/printf.c.obj
 .text._out_char
                0x000000001000b38c       0x10 CMakeFiles/datapack_tool.dir/tree/downloaded_tools/pico/pico-sdk/src/rp2_common/pico_printf/printf.c.obj
 .text._out_fct
                0x000000001000b39c       0x10 CMakeFiles/datapack_tool.dir/tree/downloaded_tools/pico/pico-sdk/src/rp2_common/pico_printf/printf.c.obj
 .text._etoa    0x000000001000b3ac      0x478 CMakeFiles/datapack_tool.dir/tree/downloaded_tools/pico/pico-sdk/src/rp2_common/pico_printf/printf.c.obj
 .text._ftoa    0x000000001000b824      0x3e0 CMakeFiles/datapack_tool.dir/tree/downloaded_tools/pico/pico-sdk/src/rp2_common/pico_printf/printf.c.obj
 .text._vsnprintf
                0x000000001000bc04      0xb08 CMakeFiles/datapack_tool.dir/tree/downloaded_tools/pico/pico-sdk/src/rp2_common/pico_printf/printf.c.obj
 .text.__wrap_sprintf
                0x000000001000c70c       0x28 CMakeFiles/datapack_tool.dir/tree/downloaded_tools/pico/pico-sdk/src/rp2_common/pico_printf/printf.c.obj
                0x000000001000c70c                __wrap_sprintf
 .text.vfctprintf
                0x000000001000c734       0x20 CMakeFiles/datapack_tool.dir/tree/downloaded_tools/pico/pico-sdk/src/rp2_common/pico_printf/printf.c.obj
                0x000000001000c734                vfctprintf
 .text.weak_raw_printf
                0x000000001000c754       0x40 CMakeFiles/datapack_tool.dir/tree/downloaded_tools/pico/pico-sdk/src/rp2_common/pico_printf/printf.c.obj
                0x000000001000c754                weak_raw_printf
 .text.weak_raw_vprintf
                0x000000001000c794       0x30 CMakeFiles/datapack_tool.dir/tree/downloaded_tools/pico/pico-sdk/src/rp2_common/pico_printf/printf.c.obj
                0x000000001000c794                weak_raw_vprintf
 .text          0x000000001000c7c4       0x10 CMakeFiles/datapack_tool.dir/tree/downloaded_tools/pico/pico-sdk/src/rp2_common/pico_bit_ops/bit_ops_aeabi.S.obj
 .text.rom_func_lookup
                0x000000001000c7d4       0x10 CMakeFiles/datapack_tool.dir/tree/downloaded_tools/pico/pico-sdk/src/rp2_common/pico_bootrom/bootrom.c.obj
                0x000000001000c7d4                rom_func_lookup
 .text.rom_data_lookup
                0x000000001000c7e4       0x10 CMakeFiles/datapack_tool.dir/tree/downloaded_tools/pico/pico-sdk/src/rp2_common/pico_bootrom/bootrom.c.obj
                0x000000001000c7e4                rom_data_lookup
 .text.rom_funcs_lookup
                0x000000001000c7f4       0x3c CMakeFiles/datapack_tool.dir/tree/downloaded_tools/pico/pico-sdk/src/rp2_common/pico_bootrom/bootrom.c.obj
                0x000000001000c7f4                rom_funcs_lookup
 .text.__wrap___aeabi_idiv
                0x000000001000c830       0x50 CMakeFiles/datapack_tool.dir/tree/downloaded_tools/pico/pico-sdk/src/rp2_common/pico_divider/divider.S.obj
                0x000000001000c830                __wrap___aeabi_idivmod
                0x000000001000c830                divmod_s32s32
                0x000000001000c830                div_s32s32
                0x000000001000c830                __wrap___aeabi_idiv
                0x000000001000c838                divmod_s32s32_unsafe
                0x000000001000c864                divmod_s32s32_savestate
 .text.__wrap___aeabi_uidiv
                0x000000001000c880       0x4c CMakeFiles/datapack_tool.dir/tree/downloaded_tools/pico/pico-sdk/src/rp2_common/pico_divider/divider.S.obj
                0x000000001000c880                __wrap___aeabi_uidiv
                0x000000001000c880                __wrap___aeabi_uidivmod
                0x000000001000c880                div_u32u32
                0x000000001000c880                divmod_u32u32
                0x000000001000c888                divmod_u32u32_unsafe
                0x000000001000c8b0                divmod_u32u32_savestate
 .text.__wrap___aeabi_ldiv
                0x000000001000c8cc      0x434 CMakeFiles/datapack_tool.dir/tree/downloaded_tools/pico/pico-sdk/src/rp2_common/pico_divider/divider.S.obj
                0x000000001000c8cc                div_s64s64
                0x000000001000c8cc                divmod_s64s64
                0x000000001000c8cc                __wrap___aeabi_ldivmod
                0x000000001000c904                div_u64u64
                0x000000001000c904                divmod_u64u64
                0x000000001000c904                __wrap___aeabi_uldivmod
                0x000000001000c914                divmod_u64u64_savestate
                0x000000001000c93c                divmod_s64s64_unsafe
                0x000000001000c9c4                divmod_u64u64_unsafe
 .text.__wrap___aeabi_darithmetic
                0x000000001000cd00       0x80 CMakeFiles/datapack_tool.dir/tree/downloaded_tools/pico/pico-sdk/src/rp2_common/pico_double/double_aeabi.S.obj
                0x000000001000cd00                __wrap___aeabi_drsub
                0x000000001000cd06                __wrap___aeabi_dsub
                0x000000001000cd18                __wrap___aeabi_dadd
                0x000000001000cd2a                __wrap___aeabi_ddiv
                0x000000001000cd66                __wrap___aeabi_dmul
 .text.__wrap___aeabi_cdcmple
                0x000000001000cd80       0x6c CMakeFiles/datapack_tool.dir/tree/downloaded_tools/pico/pico-sdk/src/rp2_common/pico_double/double_aeabi.S.obj
                0x000000001000cd80                __wrap___aeabi_cdrcmple
                0x000000001000cd90                __wrap___aeabi_cdcmple
                0x000000001000cd90                __wrap___aeabi_cdcmpeq
 .text.__wrap___aeabi_dcmpeq
                0x000000001000cdec       0x10 CMakeFiles/datapack_tool.dir/tree/downloaded_tools/pico/pico-sdk/src/rp2_common/pico_double/double_aeabi.S.obj
                0x000000001000cdec                __wrap___aeabi_dcmpeq
 .text.__wrap___aeabi_dcmplt
                0x000000001000cdfc        0xc CMakeFiles/datapack_tool.dir/tree/downloaded_tools/pico/pico-sdk/src/rp2_common/pico_double/double_aeabi.S.obj
                0x000000001000cdfc                __wrap___aeabi_dcmplt
 .text.__wrap___aeabi_dcmple
                0x000000001000ce08       0x10 CMakeFiles/datapack_tool.dir/tree/downloaded_tools/pico/pico-sdk/src/rp2_common/pico_double/double_aeabi.S.obj
                0x000000001000ce08                __wrap___aeabi_dcmple
 .text.__wrap___aeabi_dcmpge
                0x000000001000ce18       0x10 CMakeFiles/datapack_tool.dir/tree/downloaded_tools/pico/pico-sdk/src/rp2_common/pico_double/double_aeabi.S.obj
                0x000000001000ce18                __wrap___aeabi_dcmpge
 .text.__wrap___aeabi_dcmpgt
                0x000000001000ce28        0xa CMakeFiles/datapack_tool.dir/tree/downloaded_tools/pico/pico-sdk/src/rp2_common/pico_double/double_aeabi.S.obj
                0x000000001000ce28                __wrap___aeabi_dcmpgt
 .text.__wrap___aeabi_dcmpun
                0x000000001000ce32       0x1c CMakeFiles/datapack_tool.dir/tree/downloaded_tools/pico/pico-sdk/src/rp2_common/pico_double/double_aeabi.S.obj
                0x000000001000ce32                __wrap___aeabi_dcmpun
 *fill*         0x000000001000ce4e        0x2 
 .text.__wrap___aeabi_i2d
                0x000000001000ce50       0x38 CMakeFiles/datapack_tool.dir/tree/downloaded_tools/pico/pico-sdk/src/rp2_common/pico_double/double_aeabi.S.obj
                0x000000001000ce50                __wrap___aeabi_ui2d
                0x000000001000ce58                __wrap___aeabi_i2d
 .text.__wrap___aeabi_d2iz
                0x000000001000ce88       0x48 CMakeFiles/datapack_tool.dir/tree/downloaded_tools/pico/pico-sdk/src/rp2_common/pico_double/double_aeabi.S.obj
                0x000000001000ce88                __wrap___aeabi_d2iz
                0x000000001000ce88                double2int_z
 .text.__wrap___aeabi_d2uiz
                0x000000001000ced0       0x18 CMakeFiles/datapack_tool.dir/tree/downloaded_tools/pico/pico-sdk/src/rp2_common/pico_double/double_aeabi.S.obj
                0x000000001000ced0                double2uint
                0x000000001000ced0                __wrap___aeabi_d2uiz
 .text.__wrap___aeabi_l2d
                0x000000001000cee8       0x18 CMakeFiles/datapack_tool.dir/tree/downloaded_tools/pico/pico-sdk/src/rp2_common/pico_double/double_aeabi.S.obj
                0x000000001000cee8                __wrap___aeabi_l2d
 .text.__wrap___aeabi_d2lz
                0x000000001000cf00       0x26 CMakeFiles/datapack_tool.dir/tree/downloaded_tools/pico/pico-sdk/src/rp2_common/pico_double/double_aeabi.S.obj
                0x000000001000cf00                __wrap___aeabi_d2lz
                0x000000001000cf00                double2int64_z
 *fill*         0x000000001000cf26        0x2 
 .text.double2int64
                0x000000001000cf28       0x18 CMakeFiles/datapack_tool.dir/tree/downloaded_tools/pico/pico-sdk/src/rp2_common/pico_double/double_aeabi.S.obj
                0x000000001000cf28                double2int64
 .text.double2ufix64
                0x000000001000cf40       0x18 CMakeFiles/datapack_tool.dir/tree/downloaded_tools/pico/pico-sdk/src/rp2_common/pico_double/double_aeabi.S.obj
                0x000000001000cf40                double2ufix64
 .text.__wrap___aeabi_d2f
                0x000000001000cf58       0x18 CMakeFiles/datapack_tool.dir/tree/downloaded_tools/pico/pico-sdk/src/rp2_common/pico_double/double_aeabi.S.obj
                0x000000001000cf58                __wrap___aeabi_d2f
 .text.__aeabi_double_init
                0x000000001000cf70       0xc0 CMakeFiles/datapack_tool.dir/tree/downloaded_tools/pico/pico-sdk/src/rp2_common/pico_double/double_init_rom.c.obj
                0x000000001000cf70                __aeabi_double_init
 .text.double_table_shim_on_use_helper
                0x000000001000d030       0x2c CMakeFiles/datapack_tool.dir/tree/downloaded_tools/pico/pico-sdk/src/rp2_common/pico_double/double_v1_rom_shim.S.obj
                0x000000001000d030                double_table_shim_on_use_helper
 .text.__wrap___aeabi_dsub
                0x000000001000d05c       0x10 CMakeFiles/datapack_tool.dir/tree/downloaded_tools/pico/pico-sdk/src/rp2_common/pico_double/double_v1_rom_shim.S.obj
                0x000000001000d05c                drsub_shim
                0x000000001000d062                dsub_shim
 .text.dadd_shim
                0x000000001000d06c      0x15c CMakeFiles/datapack_tool.dir/tree/downloaded_tools/pico/pico-sdk/src/rp2_common/pico_double/double_v1_rom_shim.S.obj
                0x000000001000d06c                dadd_shim
 .text.dmul_shim
                0x000000001000d1c8      0x15c CMakeFiles/datapack_tool.dir/tree/downloaded_tools/pico/pico-sdk/src/rp2_common/pico_double/double_v1_rom_shim.S.obj
                0x000000001000d1c8                dmul_shim
 .text.ddiv_shim
                0x000000001000d324      0x1b0 CMakeFiles/datapack_tool.dir/tree/downloaded_tools/pico/pico-sdk/src/rp2_common/pico_double/double_v1_rom_shim.S.obj
                0x000000001000d324                ddiv_shim
 .text.double2uint_shim
                0x000000001000d4d4        0xe CMakeFiles/datapack_tool.dir/tree/downloaded_tools/pico/pico-sdk/src/rp2_common/pico_double/double_v1_rom_shim.S.obj
                0x000000001000d4d4                double2uint_shim
                0x000000001000d4d6                double2ufix_shim
 .text.double2int64_shim
                0x000000001000d4e2       0x1a CMakeFiles/datapack_tool.dir/tree/downloaded_tools/pico/pico-sdk/src/rp2_common/pico_double/double_v1_rom_shim.S.obj
                0x000000001000d4e2                double2int64_shim
                0x000000001000d4e4                double2fix64_shim
 .text.double2uint64_shim
                0x000000001000d4fc       0x70 CMakeFiles/datapack_tool.dir/tree/downloaded_tools/pico/pico-sdk/src/rp2_common/pico_double/double_v1_rom_shim.S.obj
                0x000000001000d4fc                double2uint64_shim
                0x000000001000d4fe                double2ufix64_shim
                0x000000001000d51e                d2fix_a
 .text.double2float_shim
                0x000000001000d56c       0x5c CMakeFiles/datapack_tool.dir/tree/downloaded_tools/pico/pico-sdk/src/rp2_common/pico_double/double_v1_rom_shim.S.obj
                0x000000001000d56c                double2float_shim
 .text.x2double_shims
                0x000000001000d5c8       0x90 CMakeFiles/datapack_tool.dir/tree/downloaded_tools/pico/pico-sdk/src/rp2_common/pico_double/double_v1_rom_shim.S.obj
                0x000000001000d5c8                uint2double_shim
                0x000000001000d5ca                ufix2double_shim
                0x000000001000d5d0                int2double_shim
                0x000000001000d5d2                fix2double_shim
                0x000000001000d5d8                uint642double_shim
                0x000000001000d5da                ufix642double_shim
                0x000000001000d5e0                int642double_shim
                0x000000001000d5e2                fix642double_shim
 .text.dunpacks
                0x000000001000d658       0x3c CMakeFiles/datapack_tool.dir/tree/downloaded_tools/pico/pico-sdk/src/rp2_common/pico_double/double_v1_rom_shim.S.obj
                0x000000001000d658                dunpacks
 .text.__aeabi_lmul
                0x000000001000d694       0x32 CMakeFiles/datapack_tool.dir/tree/downloaded_tools/pico/pico-sdk/src/rp2_common/pico_int64_ops/pico_int64_ops_aeabi.S.obj
                0x000000001000d694                __wrap___aeabi_lmul
 *fill*         0x000000001000d6c6        0x2 
 .text.__wrap___aeabi_cfcmple
                0x000000001000d6c8       0x50 CMakeFiles/datapack_tool.dir/tree/downloaded_tools/pico/pico-sdk/src/rp2_common/pico_float/float_aeabi.S.obj
                0x000000001000d6c8                __wrap___aeabi_cfrcmple
                0x000000001000d6d4                __wrap___aeabi_cfcmpeq
                0x000000001000d6d4                __wrap___aeabi_cfcmple
 .text.__wrap___aeabi_fcmple
                0x000000001000d718       0x10 CMakeFiles/datapack_tool.dir/tree/downloaded_tools/pico/pico-sdk/src/rp2_common/pico_float/float_aeabi.S.obj
                0x000000001000d718                __wrap___aeabi_fcmple
 .text.__wrap___aeabi_fcmpun
                0x000000001000d728       0x18 CMakeFiles/datapack_tool.dir/tree/downloaded_tools/pico/pico-sdk/src/rp2_common/pico_float/float_aeabi.S.obj
                0x000000001000d728                __wrap___aeabi_fcmpun
 .text.__aeabi_float_init
                0x000000001000d740       0x64 CMakeFiles/datapack_tool.dir/tree/downloaded_tools/pico/pico-sdk/src/rp2_common/pico_float/float_init_rom.c.obj
                0x000000001000d740                __aeabi_float_init
 .text.float_table_shim_on_use_helper
                0x000000001000d7a4       0x2c CMakeFiles/datapack_tool.dir/tree/downloaded_tools/pico/pico-sdk/src/rp2_common/pico_float/float_v1_rom_shim.S.obj
                0x000000001000d7a4                float_table_shim_on_use_helper
 .text.__wrap_malloc
                0x000000001000d7d0       0x3c CMakeFiles/datapack_tool.dir/tree/downloaded_tools/pico/pico-sdk/src/rp2_common/pico_malloc/pico_malloc.c.obj
                0x000000001000d7d0                __wrap_malloc
 .text.__wrap_free
                0x000000001000d80c       0x20 CMakeFiles/datapack_tool.dir/tree/downloaded_tools/pico/pico-sdk/src/rp2_common/pico_malloc/pico_malloc.c.obj
                0x000000001000d80c                __wrap_free
 .text          0x000000001000d82c       0x10 CMakeFiles/datapack_tool.dir/tree/downloaded_tools/pico/pico-sdk/src/rp2_common/pico_mem_ops/mem_ops_aeabi.S.obj
                0x000000001000d82c                __aeabi_mem_init
 .text.memset   0x000000001000d83c        0xc CMakeFiles/datapack_tool.dir/tree/downloaded_tools/pico/pico-sdk/src/rp2_common/pico_mem_ops/mem_ops_aeabi.S.obj
                0x000000001000d83c                __wrap_memset
 .text.memcpy   0x000000001000d848        0xc CMakeFiles/datapack_tool.dir/tree/downloaded_tools/pico/pico-sdk/src/rp2_common/pico_mem_ops/mem_ops_aeabi.S.obj
                0x000000001000d848                __wrap___aeabi_memcpy
                0x000000001000d848                __wrap_memcpy
 .text.stdio_out_chars_no_crlf
                0x000000001000d854       0x10 CMakeFiles/datapack_tool.dir/tree/downloaded_tools/pico/pico-sdk/src/rp2_common/pico_stdio/stdio.c.obj
 .text.stdio_out_chars_crlf
                0x000000001000d864       0x94 CMakeFiles/datapack_tool.dir/tree/downloaded_tools/pico/pico-sdk/src/rp2_common/pico_stdio/stdio.c.obj
 .text.stdio_buffered_printer
                0x000000001000d8f8       0x64 CMakeFiles/datapack_tool.dir/tree/downloaded_tools/pico/pico-sdk/src/rp2_common/pico_stdio/stdio.c.obj
 .text.stdio_put_string
                0x000000001000d95c      0x100 CMakeFiles/datapack_tool.dir/tree/downloaded_tools/pico/pico-sdk/src/rp2_common/pico_stdio/stdio.c.obj
 .text.__wrap_putchar
                0x000000001000da5c       0xa4 CMakeFiles/datapack_tool.dir/tree/downloaded_tools/pico/pico-sdk/src/rp2_common/pico_stdio/stdio.c.obj
                0x000000001000da5c                __wrap_putchar
 .text.__wrap_puts
                0x000000001000db00       0x3c CMakeFiles/datapack_tool.dir/tree/downloaded_tools/pico/pico-sdk/src/rp2_common/pico_stdio/stdio.c.obj
                0x000000001000db00                __wrap_puts
 .text._read    0x000000001000db3c       0x94 CMakeFiles/datapack_tool.dir/tree/downloaded_tools/pico/pico-sdk/src/rp2_common/pico_stdio/stdio.c.obj
                0x000000001000db3c                _read
 .text._write   0x000000001000dbd0       0xac CMakeFiles/datapack_tool.dir/tree/downloaded_tools/pico/pico-sdk/src/rp2_common/pico_stdio/stdio.c.obj
                0x000000001000dbd0                _write
 .text.stdio_set_driver_enabled
                0x000000001000dc7c       0x30 CMakeFiles/datapack_tool.dir/tree/downloaded_tools/pico/pico-sdk/src/rp2_common/pico_stdio/stdio.c.obj
                0x000000001000dc7c                stdio_set_driver_enabled
 .text.stdio_flush
                0x000000001000dcac       0x28 CMakeFiles/datapack_tool.dir/tree/downloaded_tools/pico/pico-sdk/src/rp2_common/pico_stdio/stdio.c.obj
                0x000000001000dcac                stdio_flush
 .text.__wrap_vprintf
                0x000000001000dcd4       0xd8 CMakeFiles/datapack_tool.dir/tree/downloaded_tools/pico/pico-sdk/src/rp2_common/pico_stdio/stdio.c.obj
                0x000000001000dcd4                __wrap_vprintf
 .text.__wrap_printf
                0x000000001000ddac       0x18 CMakeFiles/datapack_tool.dir/tree/downloaded_tools/pico/pico-sdk/src/rp2_common/pico_stdio/stdio.c.obj
                0x000000001000ddac                __wrap_printf
 .text.stdio_init_all
                0x000000001000ddc4        0xc CMakeFiles/datapack_tool.dir/tree/downloaded_tools/pico/pico-sdk/src/rp2_common/pico_stdio/stdio.c.obj
                0x000000001000ddc4                stdio_init_all
 .text.getchar_timeout_us
                0x000000001000ddd0       0xa4 CMakeFiles/datapack_tool.dir/tree/downloaded_tools/pico/pico-sdk/src/rp2_common/pico_stdio/stdio.c.obj
                0x000000001000ddd0                getchar_timeout_us
 .text.stdio_uart_out_chars
                0x000000001000de74       0x4c CMakeFiles/datapack_tool.dir/tree/downloaded_tools/pico/pico-sdk/src/rp2_common/pico_stdio_uart/stdio_uart.c.obj
 .text.stdio_uart_in_chars
                0x000000001000dec0       0x38 CMakeFiles/datapack_tool.dir/tree/downloaded_tools/pico/pico-sdk/src/rp2_common/pico_stdio_uart/stdio_uart.c.obj
                0x000000001000dec0                stdio_uart_in_chars
 .text.stdio_uart_init
                0x000000001000def8       0x48 CMakeFiles/datapack_tool.dir/tree/downloaded_tools/pico/pico-sdk/src/rp2_common/pico_stdio_uart/stdio_uart.c.obj
                0x000000001000def8                stdio_uart_init
 .text.resetd_init
                0x000000001000df40        0x4 CMakeFiles/datapack_tool.dir/tree/downloaded_tools/pico/pico-sdk/src/rp2_common/pico_stdio_usb/reset_interface.c.obj
 .text.resetd_reset
                0x000000001000df44        0xc CMakeFiles/datapack_tool.dir/tree/downloaded_tools/pico/pico-sdk/src/rp2_common/pico_stdio_usb/reset_interface.c.obj
 .text.resetd_open
                0x000000001000df50       0x28 CMakeFiles/datapack_tool.dir/tree/downloaded_tools/pico/pico-sdk/src/rp2_common/pico_stdio_usb/reset_interface.c.obj
 .text.resetd_xfer_cb
                0x000000001000df78        0x4 CMakeFiles/datapack_tool.dir/tree/downloaded_tools/pico/pico-sdk/src/rp2_common/pico_stdio_usb/reset_interface.c.obj
 .text.resetd_control_xfer_cb
                0x000000001000df7c       0x64 CMakeFiles/datapack_tool.dir/tree/downloaded_tools/pico/pico-sdk/src/rp2_common/pico_stdio_usb/reset_interface.c.obj
 .text.usbd_app_driver_get_cb
                0x000000001000dfe0        0xc CMakeFiles/datapack_tool.dir/tree/downloaded_tools/pico/pico-sdk/src/rp2_common/pico_stdio_usb/reset_interface.c.obj
                0x000000001000dfe0                usbd_app_driver_get_cb
 .text.tud_cdc_line_coding_cb
                0x000000001000dfec       0x34 CMakeFiles/datapack_tool.dir/tree/downloaded_tools/pico/pico-sdk/src/rp2_common/pico_stdio_usb/reset_interface.c.obj
                0x000000001000dfec                tud_cdc_line_coding_cb
 .text.stdio_usb_in_chars
                0x000000001000e020       0x68 CMakeFiles/datapack_tool.dir/tree/downloaded_tools/pico/pico-sdk/src/rp2_common/pico_stdio_usb/stdio_usb.c.obj
                0x000000001000e020                stdio_usb_in_chars
 .text.stdio_usb_out_chars
                0x000000001000e088       0xec CMakeFiles/datapack_tool.dir/tree/downloaded_tools/pico/pico-sdk/src/rp2_common/pico_stdio_usb/stdio_usb.c.obj
 .text.timer_task
                0x000000001000e174       0x18 CMakeFiles/datapack_tool.dir/tree/downloaded_tools/pico/pico-sdk/src/rp2_common/pico_stdio_usb/stdio_usb.c.obj
 .text.usb_irq  0x000000001000e18c       0x10 CMakeFiles/datapack_tool.dir/tree/downloaded_tools/pico/pico-sdk/src/rp2_common/pico_stdio_usb/stdio_usb.c.obj
 .text.low_priority_worker_irq
                0x000000001000e19c       0x24 CMakeFiles/datapack_tool.dir/tree/downloaded_tools/pico/pico-sdk/src/rp2_common/pico_stdio_usb/stdio_usb.c.obj
 .text.stdio_usb_init
                0x000000001000e1c0       0xb0 CMakeFiles/datapack_tool.dir/tree/downloaded_tools/pico/pico-sdk/src/rp2_common/pico_stdio_usb/stdio_usb.c.obj
                0x000000001000e1c0                stdio_usb_init
 .text.tud_descriptor_device_cb
                0x000000001000e270        0x8 CMakeFiles/datapack_tool.dir/tree/downloaded_tools/pico/pico-sdk/src/rp2_common/pico_stdio_usb/stdio_usb_descriptors.c.obj
                0x000000001000e270                tud_descriptor_device_cb
 .text.tud_descriptor_configuration_cb
                0x000000001000e278        0x8 CMakeFiles/datapack_tool.dir/tree/downloaded_tools/pico/pico-sdk/src/rp2_common/pico_stdio_usb/stdio_usb_descriptors.c.obj
                0x000000001000e278                tud_descriptor_configuration_cb
 .text.tud_descriptor_string_cb
                0x000000001000e280       0x70 CMakeFiles/datapack_tool.dir/tree/downloaded_tools/pico/pico-sdk/src/rp2_common/pico_stdio_usb/stdio_usb_descriptors.c.obj
                0x000000001000e280                tud_descriptor_string_cb
 .text.dcd_rp2040_irq
                0x000000001000e2f0      0x21c CMakeFiles/datapack_tool.dir/tree/downloaded_tools/pico/pico-sdk/lib/tinyusb/src/portable/raspberrypi/rp2040/dcd_rp2040.c.obj
 .text.dcd_int_enable
                0x000000001000e50c        0xc CMakeFiles/datapack_tool.dir/tree/downloaded_tools/pico/pico-sdk/lib/tinyusb/src/portable/raspberrypi/rp2040/dcd_rp2040.c.obj
                0x000000001000e50c                dcd_int_enable
 .text.dcd_set_address
                0x000000001000e518       0x14 CMakeFiles/datapack_tool.dir/tree/downloaded_tools/pico/pico-sdk/lib/tinyusb/src/portable/raspberrypi/rp2040/dcd_rp2040.c.obj
                0x000000001000e518                dcd_set_address
 .text.dcd_connect
                0x000000001000e52c       0x10 CMakeFiles/datapack_tool.dir/tree/downloaded_tools/pico/pico-sdk/lib/tinyusb/src/portable/raspberrypi/rp2040/dcd_rp2040.c.obj
                0x000000001000e52c                dcd_connect
 .text.dcd_init
                0x000000001000e53c      0x148 CMakeFiles/datapack_tool.dir/tree/downloaded_tools/pico/pico-sdk/lib/tinyusb/src/portable/raspberrypi/rp2040/dcd_rp2040.c.obj
                0x000000001000e53c                dcd_init
 .text.dcd_edpt0_status_complete
                0x000000001000e684       0x1c CMakeFiles/datapack_tool.dir/tree/downloaded_tools/pico/pico-sdk/lib/tinyusb/src/portable/raspberrypi/rp2040/dcd_rp2040.c.obj
                0x000000001000e684                dcd_edpt0_status_complete
 .text.dcd_edpt_open
                0x000000001000e6a0       0xf0 CMakeFiles/datapack_tool.dir/tree/downloaded_tools/pico/pico-sdk/lib/tinyusb/src/portable/raspberrypi/rp2040/dcd_rp2040.c.obj
                0x000000001000e6a0                dcd_edpt_open
 .text.dcd_edpt_close_all
                0x000000001000e790       0xbc CMakeFiles/datapack_tool.dir/tree/downloaded_tools/pico/pico-sdk/lib/tinyusb/src/portable/raspberrypi/rp2040/dcd_rp2040.c.obj
                0x000000001000e790                dcd_edpt_close_all
 .text.dcd_edpt_xfer
                0x000000001000e84c       0x24 CMakeFiles/datapack_tool.dir/tree/downloaded_tools/pico/pico-sdk/lib/tinyusb/src/portable/raspberrypi/rp2040/dcd_rp2040.c.obj
                0x000000001000e84c                dcd_edpt_xfer
 .text.dcd_edpt_stall
                0x000000001000e870       0x38 CMakeFiles/datapack_tool.dir/tree/downloaded_tools/pico/pico-sdk/lib/tinyusb/src/portable/raspberrypi/rp2040/dcd_rp2040.c.obj
                0x000000001000e870                dcd_edpt_stall
 .text.dcd_edpt_clear_stall
                0x000000001000e8a8       0x30 CMakeFiles/datapack_tool.dir/tree/downloaded_tools/pico/pico-sdk/lib/tinyusb/src/portable/raspberrypi/rp2040/dcd_rp2040.c.obj
                0x000000001000e8a8                dcd_edpt_clear_stall
 .text._hw_endpoint_buffer_control_update32.part.0
                0x000000001000e8d8       0x20 CMakeFiles/datapack_tool.dir/tree/downloaded_tools/pico/pico-sdk/lib/tinyusb/src/portable/raspberrypi/rp2040/rp2040_usb.c.obj
 .text.rp2040_usb_init
                0x000000001000e8f8       0x4c CMakeFiles/datapack_tool.dir/tree/downloaded_tools/pico/pico-sdk/lib/tinyusb/src/portable/raspberrypi/rp2040/rp2040_usb.c.obj
                0x000000001000e8f8                rp2040_usb_init
 .text.hw_endpoint_reset_transfer
                0x000000001000e944        0xc CMakeFiles/datapack_tool.dir/tree/downloaded_tools/pico/pico-sdk/lib/tinyusb/src/portable/raspberrypi/rp2040/rp2040_usb.c.obj
                0x000000001000e944                hw_endpoint_reset_transfer
 .text._hw_endpoint_buffer_control_update32
                0x000000001000e950       0x40 CMakeFiles/datapack_tool.dir/tree/downloaded_tools/pico/pico-sdk/lib/tinyusb/src/portable/raspberrypi/rp2040/rp2040_usb.c.obj
                0x000000001000e950                _hw_endpoint_buffer_control_update32
 .text.hw_endpoint_xfer_start
                0x000000001000e990      0x138 CMakeFiles/datapack_tool.dir/tree/downloaded_tools/pico/pico-sdk/lib/tinyusb/src/portable/raspberrypi/rp2040/rp2040_usb.c.obj
                0x000000001000e990                hw_endpoint_xfer_start
 .text.hw_endpoint_xfer_continue
                0x000000001000eac8      0x1e4 CMakeFiles/datapack_tool.dir/tree/downloaded_tools/pico/pico-sdk/lib/tinyusb/src/portable/raspberrypi/rp2040/rp2040_usb.c.obj
                0x000000001000eac8                hw_endpoint_xfer_continue
 .text.tud_mounted
                0x000000001000ecac       0x10 CMakeFiles/datapack_tool.dir/tree/downloaded_tools/pico/pico-sdk/lib/tinyusb/src/device/usbd.c.obj
                0x000000001000ecac                tud_mounted
 .text.tud_suspended
                0x000000001000ecbc       0x10 CMakeFiles/datapack_tool.dir/tree/downloaded_tools/pico/pico-sdk/lib/tinyusb/src/device/usbd.c.obj
                0x000000001000ecbc                tud_suspended
 .text.tud_inited
                0x000000001000eccc        0xc CMakeFiles/datapack_tool.dir/tree/downloaded_tools/pico/pico-sdk/lib/tinyusb/src/device/usbd.c.obj
                0x000000001000eccc                tud_inited
 .text.tud_init
                0x000000001000ecd8       0xd8 CMakeFiles/datapack_tool.dir/tree/downloaded_tools/pico/pico-sdk/lib/tinyusb/src/device/usbd.c.obj
                0x000000001000ecd8                tud_init
 .text.tud_task
                0x000000001000edb0      0x8ec CMakeFiles/datapack_tool.dir/tree/downloaded_tools/pico/pico-sdk/lib/tinyusb/src/device/usbd.c.obj
                0x000000001000edb0                tud_task
 .text.dcd_event_bus_signal
                0x000000001000f69c      0x120 CMakeFiles/datapack_tool.dir/tree/downloaded_tools/pico/pico-sdk/lib/tinyusb/src/device/usbd.c.obj
                0x000000001000f69c                dcd_event_bus_signal
 .text.dcd_event_bus_reset
                0x000000001000f7bc       0x54 CMakeFiles/datapack_tool.dir/tree/downloaded_tools/pico/pico-sdk/lib/tinyusb/src/device/usbd.c.obj
                0x000000001000f7bc                dcd_event_bus_reset
 .text.dcd_event_setup_received
                0x000000001000f810       0x50 CMakeFiles/datapack_tool.dir/tree/downloaded_tools/pico/pico-sdk/lib/tinyusb/src/device/usbd.c.obj
                0x000000001000f810                dcd_event_setup_received
 .text.dcd_event_xfer_complete
                0x000000001000f860       0x68 CMakeFiles/datapack_tool.dir/tree/downloaded_tools/pico/pico-sdk/lib/tinyusb/src/device/usbd.c.obj
                0x000000001000f860                dcd_event_xfer_complete
 .text.usbd_open_edpt_pair
                0x000000001000f8c8       0x80 CMakeFiles/datapack_tool.dir/tree/downloaded_tools/pico/pico-sdk/lib/tinyusb/src/device/usbd.c.obj
                0x000000001000f8c8                usbd_open_edpt_pair
 .text.usbd_edpt_open
                0x000000001000f948       0x30 CMakeFiles/datapack_tool.dir/tree/downloaded_tools/pico/pico-sdk/lib/tinyusb/src/device/usbd.c.obj
                0x000000001000f948                usbd_edpt_open
 .text.usbd_edpt_claim
                0x000000001000f978       0x64 CMakeFiles/datapack_tool.dir/tree/downloaded_tools/pico/pico-sdk/lib/tinyusb/src/device/usbd.c.obj
                0x000000001000f978                usbd_edpt_claim
 .text.usbd_edpt_release
                0x000000001000f9dc       0x4c CMakeFiles/datapack_tool.dir/tree/downloaded_tools/pico/pico-sdk/lib/tinyusb/src/device/usbd.c.obj
                0x000000001000f9dc                usbd_edpt_release
 .text.usbd_edpt_xfer
                0x000000001000fa28       0x48 CMakeFiles/datapack_tool.dir/tree/downloaded_tools/pico/pico-sdk/lib/tinyusb/src/device/usbd.c.obj
                0x000000001000fa28                usbd_edpt_xfer
 .text.tud_control_status
                0x000000001000fa70       0x30 CMakeFiles/datapack_tool.dir/tree/downloaded_tools/pico/pico-sdk/lib/tinyusb/src/device/usbd_control.c.obj
                0x000000001000fa70                tud_control_status
 .text.tud_control_xfer
                0x000000001000faa0       0xb8 CMakeFiles/datapack_tool.dir/tree/downloaded_tools/pico/pico-sdk/lib/tinyusb/src/device/usbd_control.c.obj
                0x000000001000faa0                tud_control_xfer
 .text.usbd_control_reset
                0x000000001000fb58       0x14 CMakeFiles/datapack_tool.dir/tree/downloaded_tools/pico/pico-sdk/lib/tinyusb/src/device/usbd_control.c.obj
                0x000000001000fb58                usbd_control_reset
 .text.usbd_control_set_complete_callback
                0x000000001000fb6c        0xc CMakeFiles/datapack_tool.dir/tree/downloaded_tools/pico/pico-sdk/lib/tinyusb/src/device/usbd_control.c.obj
                0x000000001000fb6c                usbd_control_set_complete_callback
 .text.usbd_control_set_request
                0x000000001000fb78       0x1c CMakeFiles/datapack_tool.dir/tree/downloaded_tools/pico/pico-sdk/lib/tinyusb/src/device/usbd_control.c.obj
                0x000000001000fb78                usbd_control_set_request
 .text.usbd_control_xfer_cb
                0x000000001000fb94       0xf8 CMakeFiles/datapack_tool.dir/tree/downloaded_tools/pico/pico-sdk/lib/tinyusb/src/device/usbd_control.c.obj
                0x000000001000fb94                usbd_control_xfer_cb
 .text.tud_cdc_n_connected
                0x000000001000fc8c       0x30 CMakeFiles/datapack_tool.dir/tree/downloaded_tools/pico/pico-sdk/lib/tinyusb/src/class/cdc/cdc_device.c.obj
                0x000000001000fc8c                tud_cdc_n_connected
 .text.tud_cdc_n_available
                0x000000001000fcbc       0x18 CMakeFiles/datapack_tool.dir/tree/downloaded_tools/pico/pico-sdk/lib/tinyusb/src/class/cdc/cdc_device.c.obj
                0x000000001000fcbc                tud_cdc_n_available
 .text.tud_cdc_n_read
                0x000000001000fcd4       0x70 CMakeFiles/datapack_tool.dir/tree/downloaded_tools/pico/pico-sdk/lib/tinyusb/src/class/cdc/cdc_device.c.obj
                0x000000001000fcd4                tud_cdc_n_read
 .text.tud_cdc_n_write_flush
                0x000000001000fd44       0x78 CMakeFiles/datapack_tool.dir/tree/downloaded_tools/pico/pico-sdk/lib/tinyusb/src/class/cdc/cdc_device.c.obj
                0x000000001000fd44                tud_cdc_n_write_flush
 .text.tud_cdc_n_write
                0x000000001000fdbc       0x34 CMakeFiles/datapack_tool.dir/tree/downloaded_tools/pico/pico-sdk/lib/tinyusb/src/class/cdc/cdc_device.c.obj
                0x000000001000fdbc                tud_cdc_n_write
 .text.tud_cdc_n_write_available
                0x000000001000fdf0       0x18 CMakeFiles/datapack_tool.dir/tree/downloaded_tools/pico/pico-sdk/lib/tinyusb/src/class/cdc/cdc_device.c.obj
                0x000000001000fdf0                tud_cdc_n_write_available
 .text.cdcd_init
                0x000000001000fe08       0x7c CMakeFiles/datapack_tool.dir/tree/downloaded_tools/pico/pico-sdk/lib/tinyusb/src/class/cdc/cdc_device.c.obj
                0x000000001000fe08                cdcd_init
 .text.cdcd_reset
                0x000000001000fe84       0x2c CMakeFiles/datapack_tool.dir/tree/downloaded_tools/pico/pico-sdk/lib/tinyusb/src/class/cdc/cdc_device.c.obj
                0x000000001000fe84                cdcd_reset
 .text.cdcd_open
                0x000000001000feb0       0xe4 CMakeFiles/datapack_tool.dir/tree/downloaded_tools/pico/pico-sdk/lib/tinyusb/src/class/cdc/cdc_device.c.obj
                0x000000001000feb0                cdcd_open
 .text.cdcd_control_xfer_cb
                0x000000001000ff94       0xe4 CMakeFiles/datapack_tool.dir/tree/downloaded_tools/pico/pico-sdk/lib/tinyusb/src/class/cdc/cdc_device.c.obj
                0x000000001000ff94                cdcd_control_xfer_cb
 .text.cdcd_xfer_cb
                0x0000000010010078      0x198 CMakeFiles/datapack_tool.dir/tree/downloaded_tools/pico/pico-sdk/lib/tinyusb/src/class/cdc/cdc_device.c.obj
                0x0000000010010078                cdcd_xfer_cb
 .text.tusb_init
                0x0000000010010210        0xc CMakeFiles/datapack_tool.dir/tree/downloaded_tools/pico/pico-sdk/lib/tinyusb/src/tusb.c.obj
                0x0000000010010210                tusb_init
 .text.tusb_inited
                0x000000001001021c        0x8 CMakeFiles/datapack_tool.dir/tree/downloaded_tools/pico/pico-sdk/lib/tinyusb/src/tusb.c.obj
                0x000000001001021c                tusb_inited
 .text.tu_edpt_validate
                0x0000000010010224       0x78 CMakeFiles/datapack_tool.dir/tree/downloaded_tools/pico/pico-sdk/lib/tinyusb/src/tusb.c.obj
                0x0000000010010224                tu_edpt_validate
 .text.tu_edpt_bind_driver
                0x000000001001029c       0x2c CMakeFiles/datapack_tool.dir/tree/downloaded_tools/pico/pico-sdk/lib/tinyusb/src/tusb.c.obj
                0x000000001001029c                tu_edpt_bind_driver
 .text.tu_fifo_config
                0x00000000100102c8       0x78 CMakeFiles/datapack_tool.dir/tree/downloaded_tools/pico/pico-sdk/lib/tinyusb/src/common/tusb_fifo.c.obj
                0x00000000100102c8                tu_fifo_config
 .text.tu_fifo_count
                0x0000000010010340       0x20 CMakeFiles/datapack_tool.dir/tree/downloaded_tools/pico/pico-sdk/lib/tinyusb/src/common/tusb_fifo.c.obj
                0x0000000010010340                tu_fifo_count
 .text.tu_fifo_empty
                0x0000000010010360       0x10 CMakeFiles/datapack_tool.dir/tree/downloaded_tools/pico/pico-sdk/lib/tinyusb/src/common/tusb_fifo.c.obj
                0x0000000010010360                tu_fifo_empty
 .text.tu_fifo_remaining
                0x0000000010010370       0x1c CMakeFiles/datapack_tool.dir/tree/downloaded_tools/pico/pico-sdk/lib/tinyusb/src/common/tusb_fifo.c.obj
                0x0000000010010370                tu_fifo_remaining
 .text.tu_fifo_read
                0x000000001001038c       0x9c CMakeFiles/datapack_tool.dir/tree/downloaded_tools/pico/pico-sdk/lib/tinyusb/src/common/tusb_fifo.c.obj
                0x000000001001038c                tu_fifo_read
 .text.tu_fifo_read_n
                0x0000000010010428      0x100 CMakeFiles/datapack_tool.dir/tree/downloaded_tools/pico/pico-sdk/lib/tinyusb/src/common/tusb_fifo.c.obj
                0x0000000010010428                tu_fifo_read_n
 .text.tu_fifo_write
                0x0000000010010528       0x7c CMakeFiles/datapack_tool.dir/tree/downloaded_tools/pico/pico-sdk/lib/tinyusb/src/common/tusb_fifo.c.obj
                0x0000000010010528                tu_fifo_write
 .text.tu_fifo_write_n
                0x00000000100105a4       0xf8 CMakeFiles/datapack_tool.dir/tree/downloaded_tools/pico/pico-sdk/lib/tinyusb/src/common/tusb_fifo.c.obj
                0x00000000100105a4                tu_fifo_write_n
 .text.tu_fifo_clear
                0x000000001001069c       0x4c CMakeFiles/datapack_tool.dir/tree/downloaded_tools/pico/pico-sdk/lib/tinyusb/src/common/tusb_fifo.c.obj
                0x000000001001069c                tu_fifo_clear
 .text.tu_fifo_set_overwritable
                0x00000000100106e8       0x3c CMakeFiles/datapack_tool.dir/tree/downloaded_tools/pico/pico-sdk/lib/tinyusb/src/common/tusb_fifo.c.obj
                0x00000000100106e8                tu_fifo_set_overwritable
 .text.startup._retrieve_unique_id_on_boot
                0x0000000010010724       0x10 CMakeFiles/datapack_tool.dir/tree/downloaded_tools/pico/pico-sdk/src/rp2_common/pico_unique_id/unique_id.c.obj
 .text.pico_get_unique_board_id_string
                0x0000000010010734      0x1bc CMakeFiles/datapack_tool.dir/tree/downloaded_tools/pico/pico-sdk/src/rp2_common/pico_unique_id/unique_id.c.obj
                0x0000000010010734                pico_get_unique_board_id_string
 .text.flash_get_unique_id
                0x00000000100108f0       0x40 CMakeFiles/datapack_tool.dir/tree/downloaded_tools/pico/pico-sdk/src/rp2_common/hardware_flash/flash.c.obj
                0x00000000100108f0                flash_get_unique_id
 .text.dma_claim_unused_channel
                0x0000000010010930       0x20 CMakeFiles/datapack_tool.dir/tree/downloaded_tools/pico/pico-sdk/src/rp2_common/hardware_dma/dma.c.obj
                0x0000000010010930                dma_claim_unused_channel
 .text.ff_memalloc
                0x0000000010010950        0x8 CMakeFiles/datapack_tool.dir/tree/downloaded_tools/pico/ajm-no-OS-FatFS-SD-SPI-RPi-Pico/FatFs_SPI/ff14a/source/ffsystem.c.obj
                0x0000000010010950                ff_memalloc
 .text.ff_memfree
                0x0000000010010958        0x8 CMakeFiles/datapack_tool.dir/tree/downloaded_tools/pico/ajm-no-OS-FatFS-SD-SPI-RPi-Pico/FatFs_SPI/ff14a/source/ffsystem.c.obj
                0x0000000010010958                ff_memfree
 .text.ff_uni2oem
                0x0000000010010960       0x40 CMakeFiles/datapack_tool.dir/tree/downloaded_tools/pico/ajm-no-OS-FatFS-SD-SPI-RPi-Pico/FatFs_SPI/ff14a/source/ffunicode.c.obj
                0x0000000010010960                ff_uni2oem
 .text.ff_oem2uni
                0x00000000100109a0       0x2c CMakeFiles/datapack_tool.dir/tree/downloaded_tools/pico/ajm-no-OS-FatFS-SD-SPI-RPi-Pico/FatFs_SPI/ff14a/source/ffunicode.c.obj
                0x00000000100109a0                ff_oem2uni
 .text.ff_wtoupper
                0x00000000100109cc       0xb8 CMakeFiles/datapack_tool.dir/tree/downloaded_tools/pico/ajm-no-OS-FatFS-SD-SPI-RPi-Pico/FatFs_SPI/ff14a/source/ffunicode.c.obj
                0x00000000100109cc                ff_wtoupper
 .text.tchar2uni
                0x0000000010010a84       0xe8 CMakeFiles/datapack_tool.dir/tree/downloaded_tools/pico/ajm-no-OS-FatFS-SD-SPI-RPi-Pico/FatFs_SPI/ff14a/source/ff.c.obj
 .text.put_utf  0x0000000010010b6c       0xe4 CMakeFiles/datapack_tool.dir/tree/downloaded_tools/pico/ajm-no-OS-FatFS-SD-SPI-RPi-Pico/FatFs_SPI/ff14a/source/ff.c.obj
 .text.get_fileinfo
                0x0000000010010c50      0x2d8 CMakeFiles/datapack_tool.dir/tree/downloaded_tools/pico/ajm-no-OS-FatFS-SD-SPI-RPi-Pico/FatFs_SPI/ff14a/source/ff.c.obj
 .text.dir_clear
                0x0000000010010f28      0x1a8 CMakeFiles/datapack_tool.dir/tree/downloaded_tools/pico/ajm-no-OS-FatFS-SD-SPI-RPi-Pico/FatFs_SPI/ff14a/source/ff.c.obj
 .text.pattern_match
                0x00000000100110d0      0x108 CMakeFiles/datapack_tool.dir/tree/downloaded_tools/pico/ajm-no-OS-FatFS-SD-SPI-RPi-Pico/FatFs_SPI/ff14a/source/ff.c.obj
 .text.move_window.part.0
                0x00000000100111d8       0xa8 CMakeFiles/datapack_tool.dir/tree/downloaded_tools/pico/ajm-no-OS-FatFS-SD-SPI-RPi-Pico/FatFs_SPI/ff14a/source/ff.c.obj
 .text.check_fs
                0x0000000010011280      0x1a0 CMakeFiles/datapack_tool.dir/tree/downloaded_tools/pico/ajm-no-OS-FatFS-SD-SPI-RPi-Pico/FatFs_SPI/ff14a/source/ff.c.obj
 .text.put_fat.part.0
                0x0000000010011420      0x1b8 CMakeFiles/datapack_tool.dir/tree/downloaded_tools/pico/ajm-no-OS-FatFS-SD-SPI-RPi-Pico/FatFs_SPI/ff14a/source/ff.c.obj
 .text.get_fat  0x00000000100115d8      0x1f8 CMakeFiles/datapack_tool.dir/tree/downloaded_tools/pico/ajm-no-OS-FatFS-SD-SPI-RPi-Pico/FatFs_SPI/ff14a/source/ff.c.obj
 .text.dir_next.constprop.0
                0x00000000100117d0       0xc8 CMakeFiles/datapack_tool.dir/tree/downloaded_tools/pico/ajm-no-OS-FatFS-SD-SPI-RPi-Pico/FatFs_SPI/ff14a/source/ff.c.obj
 .text.load_xdir
                0x0000000010011898      0x264 CMakeFiles/datapack_tool.dir/tree/downloaded_tools/pico/ajm-no-OS-FatFS-SD-SPI-RPi-Pico/FatFs_SPI/ff14a/source/ff.c.obj
 .text.sync_fs  0x0000000010011afc      0x134 CMakeFiles/datapack_tool.dir/tree/downloaded_tools/pico/ajm-no-OS-FatFS-SD-SPI-RPi-Pico/FatFs_SPI/ff14a/source/ff.c.obj
 .text.dir_read.constprop.0
                0x0000000010011c30      0x5a0 CMakeFiles/datapack_tool.dir/tree/downloaded_tools/pico/ajm-no-OS-FatFS-SD-SPI-RPi-Pico/FatFs_SPI/ff14a/source/ff.c.obj
 .text.mount_volume
                0x00000000100121d0      0xcdc CMakeFiles/datapack_tool.dir/tree/downloaded_tools/pico/ajm-no-OS-FatFS-SD-SPI-RPi-Pico/FatFs_SPI/ff14a/source/ff.c.obj
 .text.dir_sdi  0x0000000010012eac      0x354 CMakeFiles/datapack_tool.dir/tree/downloaded_tools/pico/ajm-no-OS-FatFS-SD-SPI-RPi-Pico/FatFs_SPI/ff14a/source/ff.c.obj
 .text.store_xdir
                0x0000000010013200      0x1ec CMakeFiles/datapack_tool.dir/tree/downloaded_tools/pico/ajm-no-OS-FatFS-SD-SPI-RPi-Pico/FatFs_SPI/ff14a/source/ff.c.obj
 .text.dir_find
                0x00000000100133ec      0x42c CMakeFiles/datapack_tool.dir/tree/downloaded_tools/pico/ajm-no-OS-FatFS-SD-SPI-RPi-Pico/FatFs_SPI/ff14a/source/ff.c.obj
 .text.follow_path
                0x0000000010013818      0x580 CMakeFiles/datapack_tool.dir/tree/downloaded_tools/pico/ajm-no-OS-FatFS-SD-SPI-RPi-Pico/FatFs_SPI/ff14a/source/ff.c.obj
 .text.create_chain
                0x0000000010013d98      0x578 CMakeFiles/datapack_tool.dir/tree/downloaded_tools/pico/ajm-no-OS-FatFS-SD-SPI-RPi-Pico/FatFs_SPI/ff14a/source/ff.c.obj
 .text.dir_alloc
                0x0000000010014310      0x22c CMakeFiles/datapack_tool.dir/tree/downloaded_tools/pico/ajm-no-OS-FatFS-SD-SPI-RPi-Pico/FatFs_SPI/ff14a/source/ff.c.obj
 .text.dir_register
                0x000000001001453c      0xac0 CMakeFiles/datapack_tool.dir/tree/downloaded_tools/pico/ajm-no-OS-FatFS-SD-SPI-RPi-Pico/FatFs_SPI/ff14a/source/ff.c.obj
 .text.remove_chain
                0x0000000010014ffc      0x42c CMakeFiles/datapack_tool.dir/tree/downloaded_tools/pico/ajm-no-OS-FatFS-SD-SPI-RPi-Pico/FatFs_SPI/ff14a/source/ff.c.obj
 .text.f_mount  0x0000000010015428      0x1a4 CMakeFiles/datapack_tool.dir/tree/downloaded_tools/pico/ajm-no-OS-FatFS-SD-SPI-RPi-Pico/FatFs_SPI/ff14a/source/ff.c.obj
                0x0000000010015428                f_mount
 .text.f_open   0x00000000100155cc      0xc20 CMakeFiles/datapack_tool.dir/tree/downloaded_tools/pico/ajm-no-OS-FatFS-SD-SPI-RPi-Pico/FatFs_SPI/ff14a/source/ff.c.obj
                0x00000000100155cc                f_open
 .text.f_read   0x00000000100161ec      0x34c CMakeFiles/datapack_tool.dir/tree/downloaded_tools/pico/ajm-no-OS-FatFS-SD-SPI-RPi-Pico/FatFs_SPI/ff14a/source/ff.c.obj
                0x00000000100161ec                f_read
 .text.f_write  0x0000000010016538      0x3d4 CMakeFiles/datapack_tool.dir/tree/downloaded_tools/pico/ajm-no-OS-FatFS-SD-SPI-RPi-Pico/FatFs_SPI/ff14a/source/ff.c.obj
                0x0000000010016538                f_write
 .text.f_sync   0x000000001001690c      0x2ec CMakeFiles/datapack_tool.dir/tree/downloaded_tools/pico/ajm-no-OS-FatFS-SD-SPI-RPi-Pico/FatFs_SPI/ff14a/source/ff.c.obj
                0x000000001001690c                f_sync
 .text.f_close  0x0000000010016bf8       0x78 CMakeFiles/datapack_tool.dir/tree/downloaded_tools/pico/ajm-no-OS-FatFS-SD-SPI-RPi-Pico/FatFs_SPI/ff14a/source/ff.c.obj
                0x0000000010016bf8                f_close
 .text.f_chdrive
                0x0000000010016c70       0x3c CMakeFiles/datapack_tool.dir/tree/downloaded_tools/pico/ajm-no-OS-FatFS-SD-SPI-RPi-Pico/FatFs_SPI/ff14a/source/ff.c.obj
                0x0000000010016c70                f_chdrive
 .text.f_chdir  0x0000000010016cac      0x108 CMakeFiles/datapack_tool.dir/tree/downloaded_tools/pico/ajm-no-OS-FatFS-SD-SPI-RPi-Pico/FatFs_SPI/ff14a/source/ff.c.obj
                0x0000000010016cac                f_chdir
 .text.f_getcwd
                0x0000000010016db4      0x288 CMakeFiles/datapack_tool.dir/tree/downloaded_tools/pico/ajm-no-OS-FatFS-SD-SPI-RPi-Pico/FatFs_SPI/ff14a/source/ff.c.obj
                0x0000000010016db4                f_getcwd
 .text.f_opendir
                0x000000001001703c      0x4b8 CMakeFiles/datapack_tool.dir/tree/downloaded_tools/pico/ajm-no-OS-FatFS-SD-SPI-RPi-Pico/FatFs_SPI/ff14a/source/ff.c.obj
                0x000000001001703c                f_opendir
 .text.f_closedir
                0x00000000100174f4       0x70 CMakeFiles/datapack_tool.dir/tree/downloaded_tools/pico/ajm-no-OS-FatFS-SD-SPI-RPi-Pico/FatFs_SPI/ff14a/source/ff.c.obj
                0x00000000100174f4                f_closedir
 .text.f_findnext
                0x0000000010017564       0xe4 CMakeFiles/datapack_tool.dir/tree/downloaded_tools/pico/ajm-no-OS-FatFS-SD-SPI-RPi-Pico/FatFs_SPI/ff14a/source/ff.c.obj
                0x0000000010017564                f_findnext
 .text.f_findfirst
                0x0000000010017648       0xec CMakeFiles/datapack_tool.dir/tree/downloaded_tools/pico/ajm-no-OS-FatFS-SD-SPI-RPi-Pico/FatFs_SPI/ff14a/source/ff.c.obj
                0x0000000010017648                f_findfirst
 .text.f_gets   0x0000000010017734      0x1b8 CMakeFiles/datapack_tool.dir/tree/downloaded_tools/pico/ajm-no-OS-FatFS-SD-SPI-RPi-Pico/FatFs_SPI/ff14a/source/ff.c.obj
                0x0000000010017734                f_gets
 .text.sd_spi_go_high_frequency
                0x00000000100178ec       0x10 CMakeFiles/datapack_tool.dir/tree/downloaded_tools/pico/ajm-no-OS-FatFS-SD-SPI-RPi-Pico/FatFs_SPI/sd_driver/sd_spi.c.obj
                0x00000000100178ec                sd_spi_go_high_frequency
 .text.sd_spi_go_low_frequency
                0x00000000100178fc       0x14 CMakeFiles/datapack_tool.dir/tree/downloaded_tools/pico/ajm-no-OS-FatFS-SD-SPI-RPi-Pico/FatFs_SPI/sd_driver/sd_spi.c.obj
                0x00000000100178fc                sd_spi_go_low_frequency
 .text.sd_spi_acquire
                0x0000000010017910       0x3c CMakeFiles/datapack_tool.dir/tree/downloaded_tools/pico/ajm-no-OS-FatFS-SD-SPI-RPi-Pico/FatFs_SPI/sd_driver/sd_spi.c.obj
                0x0000000010017910                sd_spi_acquire
 .text.sd_spi_release
                0x000000001001794c       0x3c CMakeFiles/datapack_tool.dir/tree/downloaded_tools/pico/ajm-no-OS-FatFS-SD-SPI-RPi-Pico/FatFs_SPI/sd_driver/sd_spi.c.obj
                0x000000001001794c                sd_spi_release
 .text.sd_spi_write
                0x0000000010017988       0x44 CMakeFiles/datapack_tool.dir/tree/downloaded_tools/pico/ajm-no-OS-FatFS-SD-SPI-RPi-Pico/FatFs_SPI/sd_driver/sd_spi.c.obj
                0x0000000010017988                sd_spi_write
 .text.sd_spi_transfer
                0x00000000100179cc        0xc CMakeFiles/datapack_tool.dir/tree/downloaded_tools/pico/ajm-no-OS-FatFS-SD-SPI-RPi-Pico/FatFs_SPI/sd_driver/sd_spi.c.obj
                0x00000000100179cc                sd_spi_transfer
 .text.spi0_dma_isr
                0x00000000100179d8       0x10 CMakeFiles/datapack_tool.dir/tree/downloaded_tools/pico/ajm-no-OS-FatFS-SD-SPI-RPi-Pico/FatFs_SPI/sd_driver/hw_config.c.obj
                0x00000000100179d8                spi0_dma_isr
 .text.sd_get_num
                0x00000000100179e8        0x4 CMakeFiles/datapack_tool.dir/tree/downloaded_tools/pico/ajm-no-OS-FatFS-SD-SPI-RPi-Pico/FatFs_SPI/sd_driver/hw_config.c.obj
                0x00000000100179e8                sd_get_num
 .text.sd_get_by_num
                0x00000000100179ec       0x18 CMakeFiles/datapack_tool.dir/tree/downloaded_tools/pico/ajm-no-OS-FatFS-SD-SPI-RPi-Pico/FatFs_SPI/sd_driver/hw_config.c.obj
                0x00000000100179ec                sd_get_by_num
 .text.spi_get_num
                0x0000000010017a04        0x4 CMakeFiles/datapack_tool.dir/tree/downloaded_tools/pico/ajm-no-OS-FatFS-SD-SPI-RPi-Pico/FatFs_SPI/sd_driver/hw_config.c.obj
                0x0000000010017a04                spi_get_num
 .text.spi_get_by_num
                0x0000000010017a08       0x18 CMakeFiles/datapack_tool.dir/tree/downloaded_tools/pico/ajm-no-OS-FatFS-SD-SPI-RPi-Pico/FatFs_SPI/sd_driver/hw_config.c.obj
                0x0000000010017a08                spi_get_by_num
 .text.spi_irq_handler
                0x0000000010017a20       0x48 CMakeFiles/datapack_tool.dir/tree/downloaded_tools/pico/ajm-no-OS-FatFS-SD-SPI-RPi-Pico/FatFs_SPI/sd_driver/spi.c.obj
                0x0000000010017a20                spi_irq_handler
 .text.spi_transfer
                0x0000000010017a68      0x164 CMakeFiles/datapack_tool.dir/tree/downloaded_tools/pico/ajm-no-OS-FatFS-SD-SPI-RPi-Pico/FatFs_SPI/sd_driver/spi.c.obj
                0x0000000010017a68                spi_transfer
 .text.my_spi_init
                0x0000000010017bcc       0xe4 CMakeFiles/datapack_tool.dir/tree/downloaded_tools/pico/ajm-no-OS-FatFS-SD-SPI-RPi-Pico/FatFs_SPI/sd_driver/spi.c.obj
                0x0000000010017bcc                my_spi_init
 .text.sd_write_block.constprop.0
                0x0000000010017cb0       0xc0 CMakeFiles/datapack_tool.dir/tree/downloaded_tools/pico/ajm-no-OS-FatFS-SD-SPI-RPi-Pico/FatFs_SPI/sd_driver/sd_card.c.obj
 .text.sd_cmd   0x0000000010017d70      0x2e8 CMakeFiles/datapack_tool.dir/tree/downloaded_tools/pico/ajm-no-OS-FatFS-SD-SPI-RPi-Pico/FatFs_SPI/sd_driver/sd_card.c.obj
 .text.sd_sectors
                0x0000000010018058      0x1cc CMakeFiles/datapack_tool.dir/tree/downloaded_tools/pico/ajm-no-OS-FatFS-SD-SPI-RPi-Pico/FatFs_SPI/sd_driver/sd_card.c.obj
                0x0000000010018058                sd_sectors
 .text.sd_init_card
                0x0000000010018224      0x20c CMakeFiles/datapack_tool.dir/tree/downloaded_tools/pico/ajm-no-OS-FatFS-SD-SPI-RPi-Pico/FatFs_SPI/sd_driver/sd_card.c.obj
                0x0000000010018224                sd_init_card
 .text.sd_read_blocks
                0x0000000010018430      0x168 CMakeFiles/datapack_tool.dir/tree/downloaded_tools/pico/ajm-no-OS-FatFS-SD-SPI-RPi-Pico/FatFs_SPI/sd_driver/sd_card.c.obj
                0x0000000010018430                sd_read_blocks
 .text.sd_write_blocks
                0x0000000010018598       0xd0 CMakeFiles/datapack_tool.dir/tree/downloaded_tools/pico/ajm-no-OS-FatFS-SD-SPI-RPi-Pico/FatFs_SPI/sd_driver/sd_card.c.obj
                0x0000000010018598                sd_write_blocks
 .text.sd_init_driver
                0x0000000010018668       0x70 CMakeFiles/datapack_tool.dir/tree/downloaded_tools/pico/ajm-no-OS-FatFS-SD-SPI-RPi-Pico/FatFs_SPI/sd_driver/sd_card.c.obj
                0x0000000010018668                sd_init_driver
 .text.crc7     0x00000000100186d8       0x28 CMakeFiles/datapack_tool.dir/tree/downloaded_tools/pico/ajm-no-OS-FatFS-SD-SPI-RPi-Pico/FatFs_SPI/sd_driver/crc.c.obj
                0x00000000100186d8                crc7
 .text.crc16    0x0000000010018700       0x30 CMakeFiles/datapack_tool.dir/tree/downloaded_tools/pico/ajm-no-OS-FatFS-SD-SPI-RPi-Pico/FatFs_SPI/sd_driver/crc.c.obj
                0x0000000010018700                crc16
 .text.disk_status
                0x0000000010018730       0x18 CMakeFiles/datapack_tool.dir/tree/downloaded_tools/pico/ajm-no-OS-FatFS-SD-SPI-RPi-Pico/FatFs_SPI/src/glue.c.obj
                0x0000000010018730                disk_status
 .text.disk_initialize
                0x0000000010018748       0x18 CMakeFiles/datapack_tool.dir/tree/downloaded_tools/pico/ajm-no-OS-FatFS-SD-SPI-RPi-Pico/FatFs_SPI/src/glue.c.obj
                0x0000000010018748                disk_initialize
 .text.disk_read
                0x0000000010018760       0x70 CMakeFiles/datapack_tool.dir/tree/downloaded_tools/pico/ajm-no-OS-FatFS-SD-SPI-RPi-Pico/FatFs_SPI/src/glue.c.obj
                0x0000000010018760                disk_read
 .text.disk_write
                0x00000000100187d0       0x70 CMakeFiles/datapack_tool.dir/tree/downloaded_tools/pico/ajm-no-OS-FatFS-SD-SPI-RPi-Pico/FatFs_SPI/src/glue.c.obj
                0x00000000100187d0                disk_write
 .text.disk_ioctl
                0x0000000010018840       0x38 CMakeFiles/datapack_tool.dir/tree/downloaded_tools/pico/ajm-no-OS-FatFS-SD-SPI-RPi-Pico/FatFs_SPI/src/glue.c.obj
                0x0000000010018840                disk_ioctl
 .text.FRESULT_str
                0x0000000010018878       0x18 CMakeFiles/datapack_tool.dir/tree/downloaded_tools/pico/ajm-no-OS-FatFS-SD-SPI-RPi-Pico/FatFs_SPI/src/f_util.c.obj
                0x0000000010018878                FRESULT_str
 .text.ff_fopen
                0x0000000010018890       0xe8 CMakeFiles/datapack_tool.dir/tree/downloaded_tools/pico/ajm-no-OS-FatFS-SD-SPI-RPi-Pico/FatFs_SPI/src/ff_stdio.c.obj
                0x0000000010018890                ff_fopen
 .text.ff_fclose
                0x0000000010018978       0x3c CMakeFiles/datapack_tool.dir/tree/downloaded_tools/pico/ajm-no-OS-FatFS-SD-SPI-RPi-Pico/FatFs_SPI/src/ff_stdio.c.obj
                0x0000000010018978                ff_fclose
 .text.ff_fgets
                0x00000000100189b4       0x1c CMakeFiles/datapack_tool.dir/tree/downloaded_tools/pico/ajm-no-OS-FatFS-SD-SPI-RPi-Pico/FatFs_SPI/src/ff_stdio.c.obj
                0x00000000100189b4                ff_fgets
 .text.my_assert_func
                0x00000000100189d0       0x2c CMakeFiles/datapack_tool.dir/tree/downloaded_tools/pico/ajm-no-OS-FatFS-SD-SPI-RPi-Pico/FatFs_SPI/src/my_debug.c.obj
                0x00000000100189d0                my_assert_func
 .text.get_fattime
                0x00000000100189fc       0x6c CMakeFiles/datapack_tool.dir/tree/downloaded_tools/pico/ajm-no-OS-FatFS-SD-SPI-RPi-Pico/FatFs_SPI/src/rtc.c.obj
                0x00000000100189fc                get_fattime
 .text.spi_init
                0x0000000010018a68       0xf4 CMakeFiles/datapack_tool.dir/tree/downloaded_tools/pico/pico-sdk/src/rp2_common/hardware_spi/spi.c.obj
                0x0000000010018a68                spi_init
 .text.spi_set_baudrate
                0x0000000010018b5c       0x94 CMakeFiles/datapack_tool.dir/tree/downloaded_tools/pico/pico-sdk/src/rp2_common/hardware_spi/spi.c.obj
                0x0000000010018b5c                spi_set_baudrate
 .text.rtc_get_datetime
                0x0000000010018bf0       0x44 CMakeFiles/datapack_tool.dir/tree/downloaded_tools/pico/pico-sdk/src/rp2_common/hardware_rtc/rtc.c.obj
                0x0000000010018bf0                rtc_get_datetime
 .text          0x0000000010018c34       0x5c /usr/lib/gcc/arm-none-eabi/9.2.1/../../../arm-none-eabi/lib/thumb/v6-m/nofp/libc.a(lib_a-callocr.o)
                0x0000000010018c34                _calloc_r
 .text          0x0000000010018c90        0xc /usr/lib/gcc/arm-none-eabi/9.2.1/../../../arm-none-eabi/lib/thumb/v6-m/nofp/libc.a(lib_a-errno.o)
                0x0000000010018c90                __errno
 .text          0x0000000010018c9c      0x1b4 /usr/lib/gcc/arm-none-eabi/9.2.1/../../../arm-none-eabi/lib/thumb/v6-m/nofp/libc.a(lib_a-fflush.o)
                0x0000000010018c9c                __sflush_r
                0x0000000010018dfc                _fflush_r
                0x0000000010018e28                fflush
 .text          0x0000000010018e50      0x220 /usr/lib/gcc/arm-none-eabi/9.2.1/../../../arm-none-eabi/lib/thumb/v6-m/nofp/libc.a(lib_a-findfp.o)
                0x0000000010018e54                _cleanup_r
                0x0000000010018f50                __sfmoreglue
                0x0000000010018f80                __sfp
                0x0000000010019008                _cleanup
                0x0000000010019020                __sinit
                0x0000000010019030                __sfp_lock_acquire
                0x0000000010019034                __sfp_lock_release
                0x0000000010019038                __sinit_lock_acquire
                0x000000001001903c                __sinit_lock_release
                0x0000000010019040                __fp_lock_all
                0x0000000010019058                __fp_unlock_all
 .text          0x0000000010019070      0x27c /usr/lib/gcc/arm-none-eabi/9.2.1/../../../arm-none-eabi/lib/thumb/v6-m/nofp/libc.a(lib_a-freer.o)
                0x0000000010019070                _malloc_trim_r
                0x0000000010019110                _free_r
 .text          0x00000000100192ec       0x90 /usr/lib/gcc/arm-none-eabi/9.2.1/../../../arm-none-eabi/lib/thumb/v6-m/nofp/libc.a(lib_a-fwalk.o)
                0x00000000100192ec                _fwalk
                0x0000000010019330                _fwalk_reent